Initializing document watcher...
Document watcher initialized
babakmilani1980/frontend/views/about.ejs: {}
babakmilani1980/frontend/views/about.ejs: {}
babakmilani1980/frontend/views/about.ejs: {}
babakmilani1980/backend/server.js: {}
babakmilani1980/backend/server.js: {}
babakmilani1980/backend/server.js: {}
No more open editors.
babakmilani1980/backend/routes/profile.js: {}
babakmilani1980/backend/routes/profile.js: {}
babakmilani1980/backend/routes/profile.js: {}
babakmilani1980/frontend/public/javascript/passwordChange.js: {}
babakmilani1980/backend/routes/profile.js: {}
No more open editors.
babakmilani1980/frontend/views/profile.ejs: {}
babakmilani1980/frontend/views/profile.ejs: {}
babakmilani1980/frontend/views/profile.ejs: {}
babakmilani1980/frontend/views/profile.ejs: {}
babakmilani1980/frontend/views/profile.ejs: {}
babakmilani1980/frontend/views/profile.ejs: Using EditorConfig core...
