2025-01-09 21:40:56.847 [info] [main] Log level: Info
2025-01-09 21:40:56.847 [info] [main] Validating found git in: "git"
2025-01-09 21:40:56.847 [info] [main] Using git "2.43.0" from "git"
2025-01-09 21:40:56.847 [info] [Model][doInitialScan] Initial repository scan started
2025-01-09 21:40:56.847 [info] > git rev-parse --show-toplevel [3330ms]
2025-01-09 21:40:56.847 [info] fatal: not a git repository (or any parent up to mount point /)
Stopping at filesystem boundary (GIT_DISCOVERY_ACROSS_FILESYSTEM not set).
2025-01-09 21:40:56.847 [info] > git rev-parse --show-toplevel [68ms]
2025-01-09 21:40:56.847 [info] fatal: not a git repository (or any parent up to mount point /)
Stopping at filesystem boundary (GIT_DISCOVERY_ACROSS_FILESYSTEM not set).
2025-01-09 21:40:57.020 [info] > git rev-parse --show-toplevel [71ms]
2025-01-09 21:40:57.020 [info] fatal: not a git repository (or any parent up to mount point /)
Stopping at filesystem boundary (GIT_DISCOVERY_ACROSS_FILESYSTEM not set).
2025-01-09 21:40:57.147 [info] > git rev-parse --show-toplevel [63ms]
2025-01-09 21:40:57.147 [info] fatal: not a git repository (or any parent up to mount point /)
Stopping at filesystem boundary (GIT_DISCOVERY_ACROSS_FILESYSTEM not set).
2025-01-09 21:40:57.199 [info] > git rev-parse --show-toplevel [39ms]
2025-01-09 21:40:57.199 [info] fatal: not a git repository (or any parent up to mount point /)
Stopping at filesystem boundary (GIT_DISCOVERY_ACROSS_FILESYSTEM not set).
2025-01-09 21:40:57.375 [info] > git rev-parse --show-toplevel [39ms]
2025-01-09 21:40:57.375 [info] fatal: not a git repository (or any parent up to mount point /)
Stopping at filesystem boundary (GIT_DISCOVERY_ACROSS_FILESYSTEM not set).
2025-01-09 21:40:57.482 [info] > git rev-parse --show-toplevel [97ms]
2025-01-09 21:40:57.482 [info] fatal: not a git repository (or any parent up to mount point /)
Stopping at filesystem boundary (GIT_DISCOVERY_ACROSS_FILESYSTEM not set).
2025-01-09 21:40:57.513 [info] > git rev-parse --show-toplevel [18ms]
2025-01-09 21:40:57.513 [info] fatal: not a git repository (or any parent up to mount point /)
Stopping at filesystem boundary (GIT_DISCOVERY_ACROSS_FILESYSTEM not set).
2025-01-09 21:40:57.532 [info] > git rev-parse --show-toplevel [8ms]
2025-01-09 21:40:57.532 [info] fatal: not a git repository (or any parent up to mount point /)
Stopping at filesystem boundary (GIT_DISCOVERY_ACROSS_FILESYSTEM not set).
2025-01-09 21:40:57.547 [info] > git rev-parse --show-toplevel [1ms]
2025-01-09 21:40:57.547 [info] fatal: not a git repository (or any parent up to mount point /)
Stopping at filesystem boundary (GIT_DISCOVERY_ACROSS_FILESYSTEM not set).
2025-01-09 21:40:57.559 [info] > git rev-parse --show-toplevel [3ms]
2025-01-09 21:40:57.559 [info] fatal: not a git repository (or any parent up to mount point /)
Stopping at filesystem boundary (GIT_DISCOVERY_ACROSS_FILESYSTEM not set).
2025-01-09 21:40:57.571 [info] > git rev-parse --show-toplevel [3ms]
2025-01-09 21:40:57.571 [info] fatal: not a git repository (or any parent up to mount point /)
Stopping at filesystem boundary (GIT_DISCOVERY_ACROSS_FILESYSTEM not set).
2025-01-09 21:40:57.572 [info] [Model][doInitialScan] Initial repository scan completed - repositories (0), closed repositories (0), parent repositories (0), unsafe repositories (0)
2025-01-09 21:46:40.884 [info] > git rev-parse --show-toplevel [15ms]
2025-01-09 21:46:40.884 [info] fatal: not a git repository (or any parent up to mount point /)
Stopping at filesystem boundary (GIT_DISCOVERY_ACROSS_FILESYSTEM not set).
2025-01-09 21:49:15.344 [info] > git rev-parse --show-toplevel [2ms]
2025-01-09 21:49:15.344 [info] fatal: not a git repository (or any parent up to mount point /)
Stopping at filesystem boundary (GIT_DISCOVERY_ACROSS_FILESYSTEM not set).
2025-01-09 21:57:13.463 [info] > git rev-parse --show-toplevel [5ms]
2025-01-09 21:57:13.463 [info] fatal: not a git repository (or any parent up to mount point /)
Stopping at filesystem boundary (GIT_DISCOVERY_ACROSS_FILESYSTEM not set).
2025-01-09 21:57:59.700 [info] > git rev-parse --show-toplevel [3ms]
2025-01-09 21:57:59.700 [info] fatal: not a git repository (or any parent up to mount point /)
Stopping at filesystem boundary (GIT_DISCOVERY_ACROSS_FILESYSTEM not set).
2025-01-09 21:58:17.945 [info] > git rev-parse --show-toplevel [3ms]
2025-01-09 21:58:17.946 [info] fatal: not a git repository (or any parent up to mount point /)
Stopping at filesystem boundary (GIT_DISCOVERY_ACROSS_FILESYSTEM not set).
2025-01-09 21:58:33.439 [info] > git rev-parse --show-toplevel [3ms]
2025-01-09 21:58:33.439 [info] fatal: not a git repository (or any parent up to mount point /)
Stopping at filesystem boundary (GIT_DISCOVERY_ACROSS_FILESYSTEM not set).
2025-01-09 22:00:47.872 [info] > git rev-parse --show-toplevel [2ms]
2025-01-09 22:00:47.872 [info] fatal: not a git repository (or any parent up to mount point /)
Stopping at filesystem boundary (GIT_DISCOVERY_ACROSS_FILESYSTEM not set).
