2025-01-09 01:44:00.950 [info] [main] Log level: Info
2025-01-09 01:44:00.950 [info] [main] Validating found git in: "git"
2025-01-09 01:44:00.950 [info] [main] Using git "2.43.0" from "git"
2025-01-09 01:44:00.950 [info] [Model][doInitialScan] Initial repository scan started
2025-01-09 01:44:00.950 [info] > git rev-parse --show-toplevel [4ms]
2025-01-09 01:44:00.950 [info] fatal: not a git repository (or any parent up to mount point /)
Stopping at filesystem boundary (GIT_DISCOVERY_ACROSS_FILESYSTEM not set).
2025-01-09 01:44:00.950 [info] > git rev-parse --show-toplevel [4ms]
2025-01-09 01:44:00.950 [info] fatal: not a git repository (or any parent up to mount point /)
Stopping at filesystem boundary (GIT_DISCOVERY_ACROSS_FILESYSTEM not set).
2025-01-09 01:44:00.950 [info] > git rev-parse --show-toplevel [3ms]
2025-01-09 01:44:00.950 [info] fatal: not a git repository (or any parent up to mount point /)
Stopping at filesystem boundary (GIT_DISCOVERY_ACROSS_FILESYSTEM not set).
2025-01-09 01:44:00.950 [info] > git rev-parse --show-toplevel [2ms]
2025-01-09 01:44:00.950 [info] fatal: not a git repository (or any parent up to mount point /)
Stopping at filesystem boundary (GIT_DISCOVERY_ACROSS_FILESYSTEM not set).
2025-01-09 01:44:00.950 [info] > git rev-parse --show-toplevel [2ms]
2025-01-09 01:44:00.950 [info] fatal: not a git repository (or any parent up to mount point /)
Stopping at filesystem boundary (GIT_DISCOVERY_ACROSS_FILESYSTEM not set).
2025-01-09 01:44:00.950 [info] > git rev-parse --show-toplevel [2ms]
2025-01-09 01:44:00.950 [info] fatal: not a git repository (or any parent up to mount point /)
Stopping at filesystem boundary (GIT_DISCOVERY_ACROSS_FILESYSTEM not set).
2025-01-09 01:44:00.950 [info] > git rev-parse --show-toplevel [2ms]
2025-01-09 01:44:00.950 [info] fatal: not a git repository (or any parent up to mount point /)
Stopping at filesystem boundary (GIT_DISCOVERY_ACROSS_FILESYSTEM not set).
2025-01-09 01:44:00.950 [info] > git rev-parse --show-toplevel [2ms]
2025-01-09 01:44:00.950 [info] fatal: not a git repository (or any parent up to mount point /)
Stopping at filesystem boundary (GIT_DISCOVERY_ACROSS_FILESYSTEM not set).
2025-01-09 01:44:00.950 [info] > git rev-parse --show-toplevel [1ms]
2025-01-09 01:44:00.950 [info] fatal: not a git repository (or any parent up to mount point /)
Stopping at filesystem boundary (GIT_DISCOVERY_ACROSS_FILESYSTEM not set).
2025-01-09 01:44:00.950 [info] > git rev-parse --show-toplevel [2ms]
2025-01-09 01:44:00.950 [info] fatal: not a git repository (or any parent up to mount point /)
Stopping at filesystem boundary (GIT_DISCOVERY_ACROSS_FILESYSTEM not set).
2025-01-09 01:44:00.950 [info] > git rev-parse --show-toplevel [2ms]
2025-01-09 01:44:00.950 [info] fatal: not a git repository (or any parent up to mount point /)
Stopping at filesystem boundary (GIT_DISCOVERY_ACROSS_FILESYSTEM not set).
2025-01-09 01:44:00.950 [info] > git rev-parse --show-toplevel [1ms]
2025-01-09 01:44:00.950 [info] fatal: not a git repository (or any parent up to mount point /)
Stopping at filesystem boundary (GIT_DISCOVERY_ACROSS_FILESYSTEM not set).
2025-01-09 01:44:00.950 [info] [Model][doInitialScan] Initial repository scan completed - repositories (0), closed repositories (0), parent repositories (0), unsafe repositories (0)
2025-01-09 01:46:17.214 [info] > git rev-parse --show-toplevel [4ms]
2025-01-09 01:46:17.214 [info] fatal: not a git repository (or any parent up to mount point /)
Stopping at filesystem boundary (GIT_DISCOVERY_ACROSS_FILESYSTEM not set).
2025-01-09 01:52:33.567 [info] > git rev-parse --show-toplevel [2ms]
2025-01-09 01:52:33.567 [info] fatal: not a git repository (or any parent up to mount point /)
Stopping at filesystem boundary (GIT_DISCOVERY_ACROSS_FILESYSTEM not set).
