2025-01-04 22:27:05.780 [info] [main] Log level: Info
2025-01-04 22:27:05.780 [info] [main] Validating found git in: "git"
2025-01-04 22:27:05.781 [info] [main] Using git "2.43.0" from "git"
2025-01-04 22:27:05.781 [info] [Model][doInitialScan] Initial repository scan started
2025-01-04 22:27:05.781 [info] > git rev-parse --show-toplevel [6ms]
2025-01-04 22:27:05.781 [info] fatal: not a git repository (or any parent up to mount point /)
Stopping at filesystem boundary (GIT_DISCOVERY_ACROSS_FILESYSTEM not set).
2025-01-04 22:27:05.781 [info] > git rev-parse --show-toplevel [4ms]
2025-01-04 22:27:05.781 [info] fatal: not a git repository (or any parent up to mount point /)
Stopping at filesystem boundary (GIT_DISCOVERY_ACROSS_FILESYSTEM not set).
2025-01-04 22:27:05.781 [info] > git rev-parse --show-toplevel [4ms]
2025-01-04 22:27:05.781 [info] fatal: not a git repository (or any parent up to mount point /)
Stopping at filesystem boundary (GIT_DISCOVERY_ACROSS_FILESYSTEM not set).
2025-01-04 22:27:05.781 [info] > git rev-parse --show-toplevel [2ms]
2025-01-04 22:27:05.781 [info] fatal: not a git repository (or any parent up to mount point /)
Stopping at filesystem boundary (GIT_DISCOVERY_ACROSS_FILESYSTEM not set).
2025-01-04 22:27:05.781 [info] > git rev-parse --show-toplevel [2ms]
2025-01-04 22:27:05.781 [info] fatal: not a git repository (or any parent up to mount point /)
Stopping at filesystem boundary (GIT_DISCOVERY_ACROSS_FILESYSTEM not set).
2025-01-04 22:27:05.781 [info] > git rev-parse --show-toplevel [3ms]
2025-01-04 22:27:05.781 [info] fatal: not a git repository (or any parent up to mount point /)
Stopping at filesystem boundary (GIT_DISCOVERY_ACROSS_FILESYSTEM not set).
2025-01-04 22:27:05.781 [info] > git rev-parse --show-toplevel [2ms]
2025-01-04 22:27:05.781 [info] fatal: not a git repository (or any parent up to mount point /)
Stopping at filesystem boundary (GIT_DISCOVERY_ACROSS_FILESYSTEM not set).
2025-01-04 22:27:05.781 [info] > git rev-parse --show-toplevel [2ms]
2025-01-04 22:27:05.781 [info] fatal: not a git repository (or any parent up to mount point /)
Stopping at filesystem boundary (GIT_DISCOVERY_ACROSS_FILESYSTEM not set).
2025-01-04 22:27:05.781 [info] > git rev-parse --show-toplevel [6ms]
2025-01-04 22:27:05.781 [info] fatal: not a git repository (or any parent up to mount point /)
Stopping at filesystem boundary (GIT_DISCOVERY_ACROSS_FILESYSTEM not set).
2025-01-04 22:27:05.781 [info] > git rev-parse --show-toplevel [3ms]
2025-01-04 22:27:05.781 [info] fatal: not a git repository (or any parent up to mount point /)
Stopping at filesystem boundary (GIT_DISCOVERY_ACROSS_FILESYSTEM not set).
2025-01-04 22:27:05.781 [info] > git rev-parse --show-toplevel [3ms]
2025-01-04 22:27:05.781 [info] fatal: not a git repository (or any parent up to mount point /)
Stopping at filesystem boundary (GIT_DISCOVERY_ACROSS_FILESYSTEM not set).
2025-01-04 22:27:05.781 [info] > git rev-parse --show-toplevel [2ms]
2025-01-04 22:27:05.781 [info] fatal: not a git repository (or any parent up to mount point /)
Stopping at filesystem boundary (GIT_DISCOVERY_ACROSS_FILESYSTEM not set).
2025-01-04 22:27:05.781 [info] [Model][doInitialScan] Initial repository scan completed - repositories (0), closed repositories (0), parent repositories (0), unsafe repositories (0)
2025-01-04 22:27:10.425 [info] > git rev-parse --show-toplevel [2ms]
2025-01-04 22:27:10.425 [info] fatal: not a git repository (or any parent up to mount point /)
Stopping at filesystem boundary (GIT_DISCOVERY_ACROSS_FILESYSTEM not set).
2025-01-04 22:33:08.774 [info] > git rev-parse --show-toplevel [4ms]
2025-01-04 22:33:08.774 [info] fatal: not a git repository (or any parent up to mount point /)
Stopping at filesystem boundary (GIT_DISCOVERY_ACROSS_FILESYSTEM not set).
2025-01-04 22:33:50.137 [info] > git rev-parse --show-toplevel [2ms]
2025-01-04 22:33:50.137 [info] fatal: not a git repository (or any parent up to mount point /)
Stopping at filesystem boundary (GIT_DISCOVERY_ACROSS_FILESYSTEM not set).
2025-01-04 22:36:26.849 [info] > git rev-parse --show-toplevel [3ms]
2025-01-04 22:36:26.849 [info] fatal: not a git repository (or any parent up to mount point /)
Stopping at filesystem boundary (GIT_DISCOVERY_ACROSS_FILESYSTEM not set).
2025-01-04 22:36:31.420 [info] > git rev-parse --show-toplevel [7ms]
2025-01-04 22:36:31.420 [info] fatal: not a git repository (or any parent up to mount point /)
Stopping at filesystem boundary (GIT_DISCOVERY_ACROSS_FILESYSTEM not set).
2025-01-04 22:38:26.673 [info] > git rev-parse --show-toplevel [2ms]
2025-01-04 22:38:26.673 [info] fatal: not a git repository (or any parent up to mount point /)
Stopping at filesystem boundary (GIT_DISCOVERY_ACROSS_FILESYSTEM not set).
2025-01-04 22:38:27.697 [info] > git rev-parse --show-toplevel [2ms]
2025-01-04 22:38:27.697 [info] fatal: not a git repository (or any parent up to mount point /)
Stopping at filesystem boundary (GIT_DISCOVERY_ACROSS_FILESYSTEM not set).
2025-01-04 22:38:56.772 [info] > git rev-parse --show-toplevel [5ms]
2025-01-04 22:38:56.772 [info] fatal: not a git repository (or any parent up to mount point /)
Stopping at filesystem boundary (GIT_DISCOVERY_ACROSS_FILESYSTEM not set).
2025-01-04 22:39:21.119 [info] > git rev-parse --show-toplevel [3ms]
2025-01-04 22:39:21.119 [info] fatal: not a git repository (or any parent up to mount point /)
Stopping at filesystem boundary (GIT_DISCOVERY_ACROSS_FILESYSTEM not set).
2025-01-04 22:39:31.186 [info] > git rev-parse --show-toplevel [3ms]
2025-01-04 22:39:31.186 [info] fatal: not a git repository (or any parent up to mount point /)
Stopping at filesystem boundary (GIT_DISCOVERY_ACROSS_FILESYSTEM not set).
2025-01-04 22:39:38.041 [info] > git rev-parse --show-toplevel [3ms]
2025-01-04 22:39:38.041 [info] fatal: not a git repository (or any parent up to mount point /)
Stopping at filesystem boundary (GIT_DISCOVERY_ACROSS_FILESYSTEM not set).
2025-01-04 22:39:38.895 [info] > git rev-parse --show-toplevel [5ms]
2025-01-04 22:39:38.895 [info] fatal: not a git repository (or any parent up to mount point /)
Stopping at filesystem boundary (GIT_DISCOVERY_ACROSS_FILESYSTEM not set).
2025-01-04 22:39:41.164 [info] > git rev-parse --show-toplevel [6ms]
2025-01-04 22:39:41.164 [info] fatal: not a git repository (or any parent up to mount point /)
Stopping at filesystem boundary (GIT_DISCOVERY_ACROSS_FILESYSTEM not set).
2025-01-04 22:39:43.337 [info] > git rev-parse --show-toplevel [3ms]
2025-01-04 22:39:43.338 [info] fatal: not a git repository (or any parent up to mount point /)
Stopping at filesystem boundary (GIT_DISCOVERY_ACROSS_FILESYSTEM not set).
2025-01-04 22:39:47.962 [info] > git rev-parse --show-toplevel [3ms]
2025-01-04 22:39:47.962 [info] fatal: not a git repository (or any parent up to mount point /)
Stopping at filesystem boundary (GIT_DISCOVERY_ACROSS_FILESYSTEM not set).
2025-01-04 22:39:55.929 [info] > git rev-parse --show-toplevel [2ms]
2025-01-04 22:39:55.929 [info] fatal: not a git repository (or any parent up to mount point /)
Stopping at filesystem boundary (GIT_DISCOVERY_ACROSS_FILESYSTEM not set).
2025-01-04 22:40:01.512 [info] > git rev-parse --show-toplevel [3ms]
2025-01-04 22:40:01.512 [info] fatal: not a git repository (or any parent up to mount point /)
Stopping at filesystem boundary (GIT_DISCOVERY_ACROSS_FILESYSTEM not set).
2025-01-04 22:40:14.283 [info] > git rev-parse --show-toplevel [3ms]
2025-01-04 22:40:14.283 [info] fatal: not a git repository (or any parent up to mount point /)
Stopping at filesystem boundary (GIT_DISCOVERY_ACROSS_FILESYSTEM not set).
2025-01-04 22:40:23.628 [info] > git rev-parse --show-toplevel [3ms]
2025-01-04 22:40:23.628 [info] fatal: not a git repository (or any parent up to mount point /)
Stopping at filesystem boundary (GIT_DISCOVERY_ACROSS_FILESYSTEM not set).
2025-01-04 22:40:25.306 [info] > git rev-parse --show-toplevel [4ms]
2025-01-04 22:40:25.306 [info] fatal: not a git repository (or any parent up to mount point /)
Stopping at filesystem boundary (GIT_DISCOVERY_ACROSS_FILESYSTEM not set).
2025-01-04 22:40:37.878 [info] > git rev-parse --show-toplevel [2ms]
2025-01-04 22:40:37.878 [info] fatal: not a git repository (or any parent up to mount point /)
Stopping at filesystem boundary (GIT_DISCOVERY_ACROSS_FILESYSTEM not set).
2025-01-04 22:40:46.174 [info] > git rev-parse --show-toplevel [2ms]
2025-01-04 22:40:46.175 [info] fatal: not a git repository (or any parent up to mount point /)
Stopping at filesystem boundary (GIT_DISCOVERY_ACROSS_FILESYSTEM not set).
2025-01-04 22:40:49.422 [info] > git rev-parse --show-toplevel [4ms]
2025-01-04 22:40:49.423 [info] fatal: not a git repository (or any parent up to mount point /)
Stopping at filesystem boundary (GIT_DISCOVERY_ACROSS_FILESYSTEM not set).
2025-01-04 22:40:53.174 [info] > git rev-parse --show-toplevel [3ms]
2025-01-04 22:40:53.174 [info] fatal: not a git repository (or any parent up to mount point /)
Stopping at filesystem boundary (GIT_DISCOVERY_ACROSS_FILESYSTEM not set).
2025-01-04 22:41:01.743 [info] > git rev-parse --show-toplevel [3ms]
2025-01-04 22:41:01.744 [info] fatal: not a git repository (or any parent up to mount point /)
Stopping at filesystem boundary (GIT_DISCOVERY_ACROSS_FILESYSTEM not set).
2025-01-04 22:41:06.764 [info] > git rev-parse --show-toplevel [2ms]
2025-01-04 22:41:06.765 [info] fatal: not a git repository (or any parent up to mount point /)
Stopping at filesystem boundary (GIT_DISCOVERY_ACROSS_FILESYSTEM not set).
2025-01-04 22:41:13.446 [info] > git rev-parse --show-toplevel [2ms]
2025-01-04 22:41:13.446 [info] fatal: not a git repository (or any parent up to mount point /)
Stopping at filesystem boundary (GIT_DISCOVERY_ACROSS_FILESYSTEM not set).
2025-01-04 22:41:14.158 [info] > git rev-parse --show-toplevel [2ms]
2025-01-04 22:41:14.158 [info] fatal: not a git repository (or any parent up to mount point /)
Stopping at filesystem boundary (GIT_DISCOVERY_ACROSS_FILESYSTEM not set).
2025-01-04 22:41:14.571 [info] > git rev-parse --show-toplevel [3ms]
2025-01-04 22:41:14.571 [info] fatal: not a git repository (or any parent up to mount point /)
Stopping at filesystem boundary (GIT_DISCOVERY_ACROSS_FILESYSTEM not set).
2025-01-04 22:41:15.095 [info] > git rev-parse --show-toplevel [2ms]
2025-01-04 22:41:15.095 [info] fatal: not a git repository (or any parent up to mount point /)
Stopping at filesystem boundary (GIT_DISCOVERY_ACROSS_FILESYSTEM not set).
2025-01-04 22:41:15.675 [info] > git rev-parse --show-toplevel [3ms]
2025-01-04 22:41:15.675 [info] fatal: not a git repository (or any parent up to mount point /)
Stopping at filesystem boundary (GIT_DISCOVERY_ACROSS_FILESYSTEM not set).
2025-01-04 22:41:17.528 [info] > git rev-parse --show-toplevel [3ms]
2025-01-04 22:41:17.529 [info] fatal: not a git repository (or any parent up to mount point /)
Stopping at filesystem boundary (GIT_DISCOVERY_ACROSS_FILESYSTEM not set).
