Initializing document watcher...
Document watcher initialized
babakmilani1980/backend/server.js: {}
babakmilani1980/backend/server.js: {}
babakmilani1980/backend/server.js: {}
babakmilani1980/backend/server.js: {}
babakmilani1980/backend/server.js: Using EditorConfig core...
babakmilani1980/backend/server.js: {}
babakmilani1980/backend/server.js: {}
babakmilani1980/backend/server.js: {}
babakmilani1980/backend/server.js: {}
babakmilani1980/backend/server.js: {}
babakmilani1980/frontend/views/about.ejs: {}
babakmilani1980/frontend/views/about.ejs: Using EditorConfig core...
babakmilani1980/frontend/views/about.ejs: Using EditorConfig core...
babakmilani1980/frontend/views/about.ejs: {}
babakmilani1980/frontend/views/about.ejs: {}
babakmilani1980/frontend/views/about.ejs: {}
babakmilani1980/frontend/views/about.ejs: Using EditorConfig core...
babakmilani1980/frontend/views/about.ejs: Using EditorConfig core...
babakmilani1980/frontend/views/about.ejs: {}
babakmilani1980/frontend/views/about.ejs: Using EditorConfig core...
babakmilani1980/frontend/views/about.ejs: Using EditorConfig core...
babakmilani1980/frontend/views/about.ejs: Using EditorConfig core...
babakmilani1980/frontend/views/about.ejs: Using EditorConfig core...
babakmilani1980/frontend/views/about.ejs: {}
babakmilani1980/frontend/views/about.ejs: {}
babakmilani1980/frontend/views/about.ejs: {}
babakmilani1980/frontend/views/about.ejs: {}
babakmilani1980/frontend/views/about.ejs: {}
babakmilani1980/frontend/views/about.ejs: Using EditorConfig core...
babakmilani1980/frontend/views/about.ejs: {}
babakmilani1980/frontend/views/about.ejs: {}
babakmilani1980/frontend/views/about.ejs: {}
