2025-01-05 01:27:44.788 [info] Extension host with pid 1212 started
2025-01-05 01:27:44.788 [error] Error: EEXIST: file already exists, open '/home/babakmilani1980/.codeoss/data/User/workspaceStorage/35a0365e/vscode.lock'
2025-01-05 01:27:44.811 [info] Lock '/home/babakmilani1980/.codeoss/data/User/workspaceStorage/35a0365e/vscode.lock': Could not acquire lock, checking if the file is stale.
2025-01-05 01:27:44.812 [info] Lock '/home/babakmilani1980/.codeoss/data/User/workspaceStorage/35a0365e/vscode.lock': The lock looks stale, waiting for 2s.
2025-01-05 01:27:45.206 [info] ExtensionService#_doActivateExtension vscode.emmet, startup: false, activationEvent: 'onLanguage'
2025-01-05 01:27:45.207 [info] ExtensionService#_doActivateExtension vscode.typescript-language-features, startup: false, activationEvent: 'onLanguage:javascript'
2025-01-05 01:27:46.209 [info] ExtensionService#_doActivateExtension vscode.git-base, startup: true, activationEvent: '*', root cause: vscode.git
2025-01-05 01:27:46.219 [info] ExtensionService#_doActivateExtension vscode.npm, startup: true, activationEvent: 'workspaceContains:package.json'
2025-01-05 01:27:46.319 [info] ExtensionService#_doActivateExtension google.cloud-shell, startup: false, activationEvent: 'onTerminalProfile:cloudshell.default'
2025-01-05 01:27:46.813 [info] Lock '/home/babakmilani1980/.codeoss/data/User/workspaceStorage/35a0365e/vscode.lock': The lock looks stale even after waiting for 2s.
2025-01-05 01:27:46.814 [info] Lock '/home/babakmilani1980/.codeoss/data/User/workspaceStorage/35a0365e/vscode.lock': Deleting a stale lock.
2025-01-05 01:27:46.820 [info] Lock '/home/babakmilani1980/.codeoss/data/User/workspaceStorage/35a0365e/vscode.lock': Lock acquired.
2025-01-05 01:27:47.046 [info] ExtensionService#_doActivateExtension vscode.git, startup: true, activationEvent: '*'
2025-01-05 01:27:47.046 [info] ExtensionService#_doActivateExtension vscode.github, startup: true, activationEvent: '*'
2025-01-05 01:27:47.578 [info] ExtensionService#_doActivateExtension vscode.configuration-editing, startup: false, activationEvent: 'onLanguage:jsonc'
2025-01-05 01:27:47.578 [info] ExtensionService#_doActivateExtension vscode.json-language-features, startup: false, activationEvent: 'onLanguage:jsonc'
2025-01-05 01:27:48.340 [info] ExtensionService#_doActivateExtension redhat.fabric8-analytics, startup: true, activationEvent: 'workspaceContains:**/package.json,**/pom.xml,**/go.mod,**/requirements.txt,**/build.gradle,**/Dockerfile,**/Containerfile'
2025-01-05 01:27:48.972 [info] Eager extensions activated
2025-01-05 01:27:48.972 [info] ExtensionService#_doActivateExtension EditorConfig.EditorConfig, startup: false, activationEvent: 'onStartupFinished'
2025-01-05 01:27:48.973 [info] ExtensionService#_doActivateExtension googlecloudtools.cloudcode, startup: false, activationEvent: 'onStartupFinished'
2025-01-05 01:27:48.977 [info] ExtensionService#_doActivateExtension vscode.debug-auto-launch, startup: false, activationEvent: 'onStartupFinished'
2025-01-05 01:27:48.978 [info] ExtensionService#_doActivateExtension vscode.merge-conflict, startup: false, activationEvent: 'onStartupFinished'
2025-01-05 01:27:53.040 [info] ExtensionService#_doActivateExtension vscode.extension-editing, startup: false, activationEvent: 'onLanguage:json'
2025-01-05 01:28:10.761 [info] ExtensionService#_doActivateExtension vscode.html-language-features, startup: false, activationEvent: 'onLanguage:html'
2025-01-05 01:32:07.728 [info] ExtensionService#_doActivateExtension vscode.simple-browser, startup: false, activationEvent: 'onOpenExternalUri:https'
