2025-01-11 15:46:17.672 [info] [main] Log level: Info
2025-01-11 15:46:17.672 [info] [main] Validating found git in: "git"
2025-01-11 15:46:17.672 [info] [main] Using git "2.43.0" from "git"
2025-01-11 15:46:17.672 [info] [Model][doInitialScan] Initial repository scan started
2025-01-11 15:46:17.672 [info] > git rev-parse --show-toplevel [2159ms]
2025-01-11 15:46:17.672 [info] fatal: not a git repository (or any parent up to mount point /)
Stopping at filesystem boundary (GIT_DISCOVERY_ACROSS_FILESYSTEM not set).
2025-01-11 15:46:17.672 [info] > git rev-parse --show-toplevel [6ms]
2025-01-11 15:46:17.672 [info] fatal: not a git repository (or any parent up to mount point /)
Stopping at filesystem boundary (GIT_DISCOVERY_ACROSS_FILESYSTEM not set).
2025-01-11 15:46:17.672 [info] > git rev-parse --show-toplevel [4ms]
2025-01-11 15:46:17.672 [info] fatal: not a git repository (or any parent up to mount point /)
Stopping at filesystem boundary (GIT_DISCOVERY_ACROSS_FILESYSTEM not set).
2025-01-11 15:46:17.785 [info] > git rev-parse --show-toplevel [5ms]
2025-01-11 15:46:17.785 [info] fatal: not a git repository (or any parent up to mount point /)
Stopping at filesystem boundary (GIT_DISCOVERY_ACROSS_FILESYSTEM not set).
2025-01-11 15:46:17.795 [info] > git rev-parse --show-toplevel [4ms]
2025-01-11 15:46:17.795 [info] fatal: not a git repository (or any parent up to mount point /)
Stopping at filesystem boundary (GIT_DISCOVERY_ACROSS_FILESYSTEM not set).
2025-01-11 15:46:20.447 [info] > git rev-parse --show-toplevel [49ms]
2025-01-11 15:46:20.447 [info] fatal: not a git repository (or any parent up to mount point /)
Stopping at filesystem boundary (GIT_DISCOVERY_ACROSS_FILESYSTEM not set).
2025-01-11 15:46:20.459 [info] > git rev-parse --show-toplevel [3ms]
2025-01-11 15:46:20.459 [info] fatal: not a git repository (or any parent up to mount point /)
Stopping at filesystem boundary (GIT_DISCOVERY_ACROSS_FILESYSTEM not set).
2025-01-11 15:46:20.469 [info] > git rev-parse --show-toplevel [2ms]
2025-01-11 15:46:20.469 [info] fatal: not a git repository (or any parent up to mount point /)
Stopping at filesystem boundary (GIT_DISCOVERY_ACROSS_FILESYSTEM not set).
2025-01-11 15:46:20.479 [info] > git rev-parse --show-toplevel [2ms]
2025-01-11 15:46:20.479 [info] fatal: not a git repository (or any parent up to mount point /)
Stopping at filesystem boundary (GIT_DISCOVERY_ACROSS_FILESYSTEM not set).
2025-01-11 15:46:20.490 [info] > git rev-parse --show-toplevel [3ms]
2025-01-11 15:46:20.490 [info] fatal: not a git repository (or any parent up to mount point /)
Stopping at filesystem boundary (GIT_DISCOVERY_ACROSS_FILESYSTEM not set).
2025-01-11 15:46:20.499 [info] > git rev-parse --show-toplevel [2ms]
2025-01-11 15:46:20.499 [info] fatal: not a git repository (or any parent up to mount point /)
Stopping at filesystem boundary (GIT_DISCOVERY_ACROSS_FILESYSTEM not set).
2025-01-11 15:46:20.509 [info] > git rev-parse --show-toplevel [2ms]
2025-01-11 15:46:20.509 [info] fatal: not a git repository (or any parent up to mount point /)
Stopping at filesystem boundary (GIT_DISCOVERY_ACROSS_FILESYSTEM not set).
2025-01-11 15:46:20.518 [info] > git rev-parse --show-toplevel [1ms]
2025-01-11 15:46:20.519 [info] fatal: not a git repository (or any parent up to mount point /)
Stopping at filesystem boundary (GIT_DISCOVERY_ACROSS_FILESYSTEM not set).
2025-01-11 15:46:20.519 [info] [Model][doInitialScan] Initial repository scan completed - repositories (0), closed repositories (0), parent repositories (0), unsafe repositories (0)
