Initializing document watcher...
Document watcher initialized
babakmilani1980/frontend/views/about.ejs: {}
babakmilani1980/frontend/views/about.ejs: {}
babakmilani1980/frontend/views/about.ejs: {}
babakmilani1980/frontend/views/about.ejs: {}
babakmilani1980/backend/routes/register.js: {}
babakmilani1980/backend/routes/register.js: {}
babakmilani1980/backend/routes/register.js: {}
babakmilani1980/backend/routes/register.js: Using EditorConfig core...
babakmilani1980/backend/routes/register.js: {}
babakmilani1980/frontend/views/about.ejs: {}
babakmilani1980/frontend/views/about.ejs: Using EditorConfig core...
babakmilani1980/frontend/views/about.ejs: Using EditorConfig core...
babakmilani1980/frontend/views/about.ejs: Using EditorConfig core...
babakmilani1980/frontend/views/about.ejs: Using EditorConfig core...
babakmilani1980/frontend/views/about.ejs: {}
babakmilani1980/frontend/views/about.ejs: {}
babakmilani1980/backend/routes/index.js: {}
babakmilani1980/frontend/views/index.ejs: {}
babakmilani1980/frontend/views/index.ejs: Using EditorConfig core...
babakmilani1980/frontend/views/index.ejs: Using EditorConfig core...
babakmilani1980/frontend/views/index.ejs: Using EditorConfig core...
babakmilani1980/frontend/views/index.ejs: Using EditorConfig core...
babakmilani1980/frontend/views/index.ejs: Using EditorConfig core...
babakmilani1980/frontend/views/index.ejs: Using EditorConfig core...
babakmilani1980/frontend/views/index.ejs: Using EditorConfig core...
babakmilani1980/frontend/views/index.ejs: Using EditorConfig core...
babakmilani1980/frontend/views/index.ejs: Using EditorConfig core...
babakmilani1980/frontend/views/index.ejs: Using EditorConfig core...
babakmilani1980/frontend/views/index.ejs: Using EditorConfig core...
babakmilani1980/frontend/views/index.ejs: Using EditorConfig core...
babakmilani1980/frontend/views/index.ejs: Using EditorConfig core...
babakmilani1980/frontend/views/about.ejs: {}
babakmilani1980/backend/server.js: {}
babakmilani1980/frontend/views/report.ejs: {}
babakmilani1980/frontend/views/report.ejs: {}
babakmilani1980/backend/routes/signin.js: {}
babakmilani1980/backend/routes/signin.js: Using EditorConfig core...
babakmilani1980/backend/routes/about.js: {}
babakmilani1980/backend/routes/about.js: Using EditorConfig core...
babakmilani1980/backend/routes/signin.js: {}
babakmilani1980/backend/server.js: {}
babakmilani1980/backend/routes/dashboard.js: {}
babakmilani1980/backend/routes/index.js: {}
babakmilani1980/backend/routes/index.js: Using EditorConfig core...
babakmilani1980/backend/routes/logout.js: {}
babakmilani1980/backend/routes/logout.js: Using EditorConfig core...
babakmilani1980/backend/routes/logs.js: {}
babakmilani1980/backend/routes/register.js: {}
babakmilani1980/backend/routes/register.js: Using EditorConfig core...
babakmilani1980/backend/routes/register.js: Using EditorConfig core...
babakmilani1980/backend/routes/report.js: {}
babakmilani1980/backend/routes/report.js: Using EditorConfig core...
babakmilani1980/backend/routes/signin.js: {}
babakmilani1980/backend/routes/signup.js: {}
babakmilani1980/backend/routes/signup.js: Using EditorConfig core...
babakmilani1980/backend/routes/signup.js: Using EditorConfig core...
babakmilani1980/backend/routes/signup.js: Using EditorConfig core...
babakmilani1980/backend/routes/uploads.js: {}
babakmilani1980/backend/routes/uploads.js: Using EditorConfig core...
babakmilani1980/backend/routes/uploads.js: Using EditorConfig core...
babakmilani1980/backend/routes/signup.js: {}
babakmilani1980/backend/routes/signup.js: Using EditorConfig core...
babakmilani1980/backend/routes/report.js: {}
babakmilani1980/backend/routes/report.js: Using EditorConfig core...
babakmilani1980/backend/routes/register.js: {}
babakmilani1980/backend/routes/register.js: Using EditorConfig core...
babakmilani1980/backend/routes/register.js: Using EditorConfig core...
babakmilani1980/backend/routes/logout.js: {}
babakmilani1980/backend/routes/logout.js: Using EditorConfig core...
babakmilani1980/backend/routes/index.js: {}
babakmilani1980/backend/routes/index.js: Using EditorConfig core...
babakmilani1980/backend/routes/logout.js: {}
babakmilani1980/backend/routes/register.js: {}
babakmilani1980/backend/routes/report.js: {}
babakmilani1980/backend/routes/signup.js: {}
babakmilani1980/backend/routes/uploads.js: {}
babakmilani1980/backend/server.js: {}
babakmilani1980/backend/server.js: {}
babakmilani1980/backend/server.js: {}
babakmilani1980/backend/server.js: {}
