Initializing document watcher...
Document watcher initialized
babakmilani1980/backend/routes/signin.js: {}
babakmilani1980/backend/routes/signin.js: {}
babakmilani1980/backend/routes/signin.js: {}
babakmilani1980/backend/routes/signin.js: {}
babakmilani1980/backend/routes/signin.js: {}
babakmilani1980/backend/routes/signin.js: {}
babakmilani1980/backend/routes/signin.js: {}
No more open editors.
babakmilani1980/backend/routes/signin.js: {}
babakmilani1980/backend/routes/signin.js: Using EditorConfig core...
babakmilani1980/backend/routes/signin.js: {}
babakmilani1980/backend/routes/signin.js: {}
babakmilani1980/backend/routes/signin.js: {}
babakmilani1980/.env: {}
babakmilani1980/.env: {}
babakmilani1980/.env: {}
babakmilani1980/.env: {}
babakmilani1980/.env: {}
babakmilani1980/.env: {}
babakmilani1980/.env: {}
babakmilani1980/.env: {}
babakmilani1980/backend/routes/signin.js: {}
babakmilani1980/backend/routes/register.js: {}
babakmilani1980/backend/routes/signin.js: {}
babakmilani1980/backend/routes/signin.js: Using EditorConfig core...
babakmilani1980/backend/routes/signin.js: Using EditorConfig core...
babakmilani1980/backend/routes/register.js: {}
babakmilani1980/backend/routes/register.js: {}
babakmilani1980/backend/routes/register.js: {}
babakmilani1980/backend/routes/register.js: Using EditorConfig core...
babakmilani1980/backend/routes/register.js: Using EditorConfig core...
babakmilani1980/backend/routes/signin.js: {}
babakmilani1980/backend/routes/signin.js: {}
babakmilani1980/backend/routes/signin.js: Using EditorConfig core...
babakmilani1980/backend/routes/signin.js: Using EditorConfig core...
babakmilani1980/backend/routes/signin.js: {}
babakmilani1980/backend/routes/signin.js: {}
babakmilani1980/backend/routes/signin.js: {}
babakmilani1980/backend/routes/signin.js: {}
