2025-01-04 02:52:27.528 [info] Extension host with pid 1227 started
2025-01-04 02:52:27.528 [error] Error: EEXIST: file already exists, open '/home/babakmilani1980/.codeoss/data/User/workspaceStorage/35a0365e/vscode.lock'
2025-01-04 02:52:27.590 [info] Lock '/home/babakmilani1980/.codeoss/data/User/workspaceStorage/35a0365e/vscode.lock': Could not acquire lock, checking if the file is stale.
2025-01-04 02:52:27.591 [info] Lock '/home/babakmilani1980/.codeoss/data/User/workspaceStorage/35a0365e/vscode.lock': The lock does not look stale, elapsed: 158265 ms, giving up.
2025-01-04 02:52:27.619 [info] Lock '/home/babakmilani1980/.codeoss/data/User/workspaceStorage/35a0365e-1/vscode.lock': Lock acquired.
2025-01-04 02:52:29.257 [info] ExtensionService#_doActivateExtension vscode.emmet, startup: false, activationEvent: 'onLanguage'
2025-01-04 02:52:29.259 [info] ExtensionService#_doActivateExtension vscode.typescript-language-features, startup: false, activationEvent: 'onLanguage:javascript'
2025-01-04 02:52:29.598 [info] ExtensionService#_doActivateExtension vscode.git-base, startup: true, activationEvent: '*', root cause: vscode.git
2025-01-04 02:52:29.610 [info] ExtensionService#_doActivateExtension vscode.npm, startup: true, activationEvent: 'workspaceContains:package.json'
2025-01-04 02:52:29.943 [info] ExtensionService#_doActivateExtension vscode.git, startup: true, activationEvent: '*'
2025-01-04 02:52:29.944 [info] ExtensionService#_doActivateExtension vscode.github, startup: true, activationEvent: '*'
2025-01-04 02:52:31.817 [info] ExtensionService#_doActivateExtension redhat.fabric8-analytics, startup: true, activationEvent: 'workspaceContains:**/package.json,**/pom.xml,**/go.mod,**/requirements.txt,**/build.gradle,**/Dockerfile,**/Containerfile'
2025-01-04 02:52:32.361 [info] Eager extensions activated
2025-01-04 02:52:32.362 [info] ExtensionService#_doActivateExtension EditorConfig.EditorConfig, startup: false, activationEvent: 'onStartupFinished'
2025-01-04 02:52:32.362 [info] ExtensionService#_doActivateExtension google.cloud-shell, startup: false, activationEvent: 'onStartupFinished'
2025-01-04 02:52:32.363 [info] ExtensionService#_doActivateExtension googlecloudtools.cloudcode, startup: false, activationEvent: 'onStartupFinished'
2025-01-04 02:52:32.364 [info] ExtensionService#_doActivateExtension vscode.debug-auto-launch, startup: false, activationEvent: 'onStartupFinished'
2025-01-04 02:52:32.364 [info] ExtensionService#_doActivateExtension vscode.merge-conflict, startup: false, activationEvent: 'onStartupFinished'
2025-01-04 02:52:35.879 [info] ExtensionService#_doActivateExtension vscode.configuration-editing, startup: false, activationEvent: 'onLanguage:jsonc'
2025-01-04 02:52:35.880 [info] ExtensionService#_doActivateExtension vscode.json-language-features, startup: false, activationEvent: 'onLanguage:jsonc'
2025-01-04 02:52:36.669 [info] ExtensionService#_doActivateExtension vscode.extension-editing, startup: false, activationEvent: 'onLanguage:json'
2025-01-04 03:16:32.180 [info] ExtensionService#_doActivateExtension vscode.simple-browser, startup: false, activationEvent: 'onOpenExternalUri:https'
2025-01-04 03:22:50.522 [info] ExtensionService#_doActivateExtension vscode.html-language-features, startup: false, activationEvent: 'onLanguage:html'
2025-01-04 03:36:48.033 [info] ExtensionService#_doActivateExtension vscode.css-language-features, startup: false, activationEvent: 'onLanguage:css'
