0 verbose cli /usr/local/nvm/versions/node/v22.12.0/bin/node /usr/local/nvm/versions/node/v22.12.0/bin/npm
1 info using npm@11.0.0
2 info using node@v22.12.0
3 silly config load:file:/usr/local/nvm/versions/node/v22.12.0/lib/node_modules/npm/npmrc
4 silly config load:file:/home/babakmilani1980/.npmrc
5 silly config load:file:/home/babakmilani1980/etc/npmrc
6 verbose title npm i
7 verbose argv "i" "--package-lock-only" "--prefix" "/home/babakmilani1980"
8 verbose logfile logs-max:10 dir:/home/babakmilani1980/.npm/_logs/2025-01-11T15_46_23_414Z-
9 verbose logfile /home/babakmilani1980/.npm/_logs/2025-01-11T15_46_23_414Z-debug-0.log
10 silly logfile start cleaning logs, removing 2 files
11 silly packumentCache heap:4345298944 maxSize:1086324736 maxEntrySize:543162368
12 silly logfile done cleaning log files
13 silly idealTree buildDeps
14 silly audit bulk request {
14 silly audit   '@googlemaps/js-api-loader': [ '1.16.8' ],
14 silly audit   '@mapbox/node-pre-gyp': [ '1.0.11' ],
14 silly audit   abbrev: [ '1.1.1' ],
14 silly audit   accepts: [ '1.3.8' ],
14 silly audit   'agent-base': [ '6.0.2' ],
14 silly audit   debug: [ '4.3.7', '2.6.9' ],
14 silly audit   ms: [ '2.1.3', '2.0.0', '2.1.1' ],
14 silly audit   'ansi-regex': [ '5.0.1' ],
14 silly audit   'ansi-styles': [ '4.3.0' ],
14 silly audit   anymatch: [ '3.1.3' ],
14 silly audit   aproba: [ '2.0.0' ],
14 silly audit   'are-we-there-yet': [ '2.0.0' ],
14 silly audit   'array-flatten': [ '1.1.1' ],
14 silly audit   async: [ '3.2.6' ],
14 silly audit   asynckit: [ '0.4.0' ],
14 silly audit   'aws-ssl-profiles': [ '1.1.2' ],
14 silly audit   axios: [ '1.7.9' ],
14 silly audit   'balanced-match': [ '1.0.2' ],
14 silly audit   'basic-auth': [ '2.0.1' ],
14 silly audit   'safe-buffer': [ '5.1.2', '5.2.1', '5.1.1' ],
14 silly audit   bcrypt: [ '5.1.1' ],
14 silly audit   bcryptjs: [ '2.4.3' ],
14 silly audit   'binary-extensions': [ '2.3.0' ],
14 silly audit   'body-parser': [ '1.20.3' ],
14 silly audit   'brace-expansion': [ '1.1.11', '2.0.1' ],
14 silly audit   braces: [ '3.0.3' ],
14 silly audit   busboy: [ '1.6.0' ],
14 silly audit   bytes: [ '3.1.2' ],
14 silly audit   'call-bind': [ '1.0.7' ],
14 silly audit   chalk: [ '4.1.2' ],
14 silly audit   chokidar: [ '3.6.0' ],
14 silly audit   chownr: [ '2.0.0' ],
14 silly audit   'color-convert': [ '2.0.1' ],
14 silly audit   'color-name': [ '1.1.4' ],
14 silly audit   'color-support': [ '1.1.3' ],
14 silly audit   'combined-stream': [ '1.0.8' ],
14 silly audit   'concat-map': [ '0.0.1' ],
14 silly audit   'connect-flash': [ '0.1.1' ],
14 silly audit   'console-control-strings': [ '1.1.0' ],
14 silly audit   'content-disposition': [ '0.5.4' ],
14 silly audit   'content-type': [ '1.0.5' ],
14 silly audit   cookie: [ '0.7.1', '0.7.2' ],
14 silly audit   'cookie-parser': [ '1.4.7' ],
14 silly audit   'cookie-signature': [ '1.0.6', '1.0.7' ],
14 silly audit   'define-data-property': [ '1.1.4' ],
14 silly audit   'delayed-stream': [ '1.0.0' ],
14 silly audit   delegates: [ '1.0.0' ],
14 silly audit   denque: [ '2.1.0' ],
14 silly audit   depd: [ '2.0.0' ],
14 silly audit   destroy: [ '1.2.0' ],
14 silly audit   'detect-libc': [ '2.0.3' ],
14 silly audit   dotenv: [ '16.4.5' ],
14 silly audit   'ee-first': [ '1.1.1' ],
14 silly audit   ejs: [ '3.1.10' ],
14 silly audit   'emoji-regex': [ '8.0.0' ],
14 silly audit   encodeurl: [ '2.0.0', '1.0.2' ],
14 silly audit   'es-define-property': [ '1.0.0' ],
14 silly audit   'es-errors': [ '1.3.0' ],
14 silly audit   'escape-html': [ '1.0.3' ],
14 silly audit   etag: [ '1.8.1' ],
14 silly audit   express: [ '4.21.2' ],
14 silly audit   'express-fileupload': [ '1.5.1' ],
14 silly audit   'express-flash': [ '0.0.2' ],
14 silly audit   'express-session': [ '1.18.1' ],
14 silly audit   'express-validator': [ '7.2.0' ],
14 silly audit   filelist: [ '1.0.4' ],
14 silly audit   minimatch: [ '5.1.6', '3.1.2' ],
14 silly audit   'fill-range': [ '7.1.1' ],
14 silly audit   finalhandler: [ '1.3.1' ],
14 silly audit   'follow-redirects': [ '1.15.9' ],
14 silly audit   'form-data': [ '4.0.1' ],
14 silly audit   forwarded: [ '0.2.0' ],
14 silly audit   fresh: [ '0.5.2' ],
14 silly audit   'fs-minipass': [ '2.1.0' ],
14 silly audit   minipass: [ '3.3.6', '5.0.0' ],
14 silly audit   'fs.realpath': [ '1.0.0' ],
14 silly audit   fsevents: [ '2.3.3' ],
14 silly audit   'function-bind': [ '1.1.2' ],
14 silly audit   gauge: [ '3.0.2' ],
14 silly audit   'generate-function': [ '2.3.1' ],
14 silly audit   'get-intrinsic': [ '1.2.4' ],
14 silly audit   glob: [ '7.2.3' ],
14 silly audit   'glob-parent': [ '5.1.2' ],
14 silly audit   gopd: [ '1.0.1' ],
14 silly audit   'has-flag': [ '4.0.0', '3.0.0' ],
14 silly audit   'has-property-descriptors': [ '1.0.2' ],
14 silly audit   'has-proto': [ '1.0.3' ],
14 silly audit   'has-symbols': [ '1.0.3' ],
14 silly audit   'has-unicode': [ '2.0.1' ],
14 silly audit   hasown: [ '2.0.2' ],
14 silly audit   'http-errors': [ '2.0.0' ],
14 silly audit   'https-proxy-agent': [ '5.0.1' ],
14 silly audit   'iconv-lite': [ '0.4.24', '0.6.3' ],
14 silly audit   'ignore-by-default': [ '1.0.1' ],
14 silly audit   inflight: [ '1.0.6' ],
14 silly audit   inherits: [ '2.0.4' ],
14 silly audit   'ipaddr.js': [ '1.9.1' ],
14 silly audit   'is-binary-path': [ '2.1.0' ],
14 silly audit   'is-extglob': [ '2.1.1' ],
14 silly audit   'is-fullwidth-code-point': [ '3.0.0' ],
14 silly audit   'is-glob': [ '4.0.3' ],
14 silly audit   'is-number': [ '7.0.0' ],
14 silly audit   'is-property': [ '1.0.2' ],
14 silly audit   jake: [ '10.9.2' ],
14 silly audit   lodash: [ '4.17.21' ],
14 silly audit   long: [ '5.2.3' ],
14 silly audit   'lru-cache': [ '7.18.3' ],
14 silly audit   'lru.min': [ '1.1.1' ],
14 silly audit   'make-dir': [ '3.1.0' ],
14 silly audit   semver: [ '6.3.1', '7.6.3' ],
14 silly audit   'media-typer': [ '0.3.0' ],
14 silly audit   'merge-descriptors': [ '1.0.3' ],
14 silly audit   methods: [ '1.1.2' ],
14 silly audit   mime: [ '1.6.0' ],
14 silly audit   'mime-db': [ '1.52.0' ],
14 silly audit   'mime-types': [ '2.1.35' ],
14 silly audit   minizlib: [ '2.1.2' ],
14 silly audit   mkdirp: [ '1.0.4' ],
14 silly audit   morgan: [ '1.10.0' ],
14 silly audit   'on-finished': [ '2.3.0', '2.4.1' ],
14 silly audit   mysql2: [ '3.12.0' ],
14 silly audit   'named-placeholders': [ '1.1.3' ],
14 silly audit   negotiator: [ '0.6.3' ],
14 silly audit   'node-addon-api': [ '5.1.0' ],
14 silly audit   'node-fetch': [ '2.7.0' ],
14 silly audit   nodemon: [ '3.1.7' ],
14 silly audit   'supports-color': [ '5.5.0', '7.2.0' ],
14 silly audit   nopt: [ '5.0.0' ],
14 silly audit   'normalize-path': [ '3.0.0' ],
14 silly audit   npmlog: [ '5.0.1' ],
14 silly audit   'object-assign': [ '4.1.1' ],
14 silly audit   'object-inspect': [ '1.13.3' ],
14 silly audit   'on-headers': [ '1.0.2' ],
14 silly audit   once: [ '1.4.0' ],
14 silly audit   parseurl: [ '1.3.3' ],
14 silly audit   'path-is-absolute': [ '1.0.1' ],
14 silly audit   'path-to-regexp': [ '0.1.12' ],
14 silly audit   picomatch: [ '2.3.1' ],
14 silly audit   'proxy-addr': [ '2.0.7' ],
14 silly audit   'proxy-from-env': [ '1.1.0' ],
14 silly audit   'pstree.remy': [ '1.1.8' ],
14 silly audit   qs: [ '6.13.0' ],
14 silly audit   'random-bytes': [ '1.0.0' ],
14 silly audit   'range-parser': [ '1.2.1' ],
14 silly audit   'raw-body': [ '2.5.2' ],
14 silly audit   'readable-stream': [ '3.6.2' ],
14 silly audit   readdirp: [ '3.6.0' ],
14 silly audit   rimraf: [ '3.0.2' ],
14 silly audit   'safer-buffer': [ '2.1.2' ],
14 silly audit   send: [ '0.19.0' ],
14 silly audit   'seq-queue': [ '0.0.5' ],
14 silly audit   'serve-favicon': [ '2.5.0' ],
14 silly audit   'serve-static': [ '1.16.2' ],
14 silly audit   'set-blocking': [ '2.0.0' ],
14 silly audit   'set-function-length': [ '1.2.2' ],
14 silly audit   setprototypeof: [ '1.2.0' ],
14 silly audit   'side-channel': [ '1.0.6' ],
14 silly audit   'signal-exit': [ '3.0.7' ],
14 silly audit   'simple-update-notifier': [ '2.0.0' ],
14 silly audit   sqlstring: [ '2.3.3' ],
14 silly audit   statuses: [ '2.0.1' ],
14 silly audit   streamsearch: [ '1.1.0' ],
14 silly audit   string_decoder: [ '1.3.0' ],
14 silly audit   'string-width': [ '4.2.3' ],
14 silly audit   'strip-ansi': [ '6.0.1' ],
14 silly audit   tar: [ '6.2.1' ],
14 silly audit   'to-regex-range': [ '5.0.1' ],
14 silly audit   toidentifier: [ '1.0.1' ],
14 silly audit   touch: [ '3.1.1' ],
14 silly audit   tr46: [ '0.0.3' ],
14 silly audit   'type-is': [ '1.6.18' ],
14 silly audit   'uid-safe': [ '2.1.5' ],
14 silly audit   undefsafe: [ '2.0.5' ],
14 silly audit   unpipe: [ '1.0.0' ],
14 silly audit   'util-deprecate': [ '1.0.2' ],
14 silly audit   'utils-merge': [ '1.0.1' ],
14 silly audit   validator: [ '13.12.0' ],
14 silly audit   vary: [ '1.1.2' ],
14 silly audit   'webidl-conversions': [ '3.0.1' ],
14 silly audit   'whatwg-url': [ '5.0.0' ],
14 silly audit   'wide-align': [ '1.1.5' ],
14 silly audit   wrappy: [ '1.0.2' ],
14 silly audit   yallist: [ '4.0.0' ]
14 silly audit }
15 http fetch POST 200 https://registry.npmjs.org/-/npm/v1/security/advisories/bulk 415ms
16 silly audit report {}
17 verbose cwd /home/babakmilani1980
18 verbose os Linux 6.1.112+
19 verbose node v22.12.0
20 verbose npm  v11.0.0
21 verbose exit 0
22 info ok
