0 verbose cli /usr/local/nvm/versions/node/v22.12.0/bin/node /usr/local/nvm/versions/node/v22.12.0/bin/npm
1 info using npm@11.0.0
2 info using node@v22.12.0
3 silly config load:file:/usr/local/nvm/versions/node/v22.12.0/lib/node_modules/npm/npmrc
4 silly config load:file:/home/babakmilani1980/.cache/typescript/5.6/.npmrc
5 silly config load:file:/home/babakmilani1980/.npmrc
6 silly config load:file:/usr/local/nvm/versions/node/v22.12.0/etc/npmrc
7 verbose title npm install @types/bcrypt@ts5.6 @types/bcryptjs@ts5.6 @types/body-parser@ts5.6 @types/cookie-parser@ts5.6 @types/ejs@ts5.6 @types/express@ts5.6 @types/express-fileupload@ts5.6 @types/express-flash@ts5.6 @types/express-session@ts5.6 @types/http-errors@ts5.6 @types/morgan@ts5.6 @types/serve-favicon@ts5.6
8 verbose argv "install" "--ignore-scripts" "@types/bcrypt@ts5.6" "@types/bcryptjs@ts5.6" "@types/body-parser@ts5.6" "@types/cookie-parser@ts5.6" "@types/ejs@ts5.6" "@types/express@ts5.6" "@types/express-fileupload@ts5.6" "@types/express-flash@ts5.6" "@types/express-session@ts5.6" "@types/http-errors@ts5.6" "@types/morgan@ts5.6" "@types/serve-favicon@ts5.6" "--save-dev" "--user-agent" "typesInstaller/5.6.3"
9 verbose logfile logs-max:10 dir:/home/babakmilani1980/.npm/_logs/2025-01-11T00_57_43_056Z-
10 verbose logfile /home/babakmilani1980/.npm/_logs/2025-01-11T00_57_43_056Z-debug-0.log
11 silly logfile start cleaning logs, removing 2 files
12 silly packumentCache heap:4345298944 maxSize:1086324736 maxEntrySize:543162368
13 silly logfile done cleaning log files
14 silly packumentCache corgi:https://registry.npmjs.org/@types%2fbcrypt cache-miss
15 silly packumentCache corgi:https://registry.npmjs.org/@types%2fbcryptjs cache-miss
16 silly packumentCache corgi:https://registry.npmjs.org/@types%2fbody-parser cache-miss
17 silly packumentCache corgi:https://registry.npmjs.org/@types%2fcookie-parser cache-miss
18 silly packumentCache corgi:https://registry.npmjs.org/@types%2fejs cache-miss
19 silly packumentCache corgi:https://registry.npmjs.org/@types%2fexpress cache-miss
20 silly packumentCache corgi:https://registry.npmjs.org/@types%2fexpress-fileupload cache-miss
21 silly packumentCache corgi:https://registry.npmjs.org/@types%2fexpress-flash cache-miss
22 silly packumentCache corgi:https://registry.npmjs.org/@types%2fexpress-session cache-miss
23 silly packumentCache corgi:https://registry.npmjs.org/@types%2fhttp-errors cache-miss
24 silly packumentCache corgi:https://registry.npmjs.org/@types%2fmorgan cache-miss
25 silly packumentCache corgi:https://registry.npmjs.org/@types%2fserve-favicon cache-miss
26 http fetch GET 200 https://registry.npmjs.org/@types%2fcookie-parser 491ms (cache updated)
27 silly packumentCache corgi:https://registry.npmjs.org/@types%2fcookie-parser set size:undefined disposed:false
28 http fetch GET 200 https://registry.npmjs.org/@types%2fbcrypt 515ms (cache updated)
29 silly packumentCache corgi:https://registry.npmjs.org/@types%2fbcrypt set size:undefined disposed:false
30 http fetch GET 200 https://registry.npmjs.org/@types%2fbcryptjs 519ms (cache updated)
31 silly packumentCache corgi:https://registry.npmjs.org/@types%2fbcryptjs set size:undefined disposed:false
32 http fetch GET 200 https://registry.npmjs.org/@types%2fbody-parser 525ms (cache updated)
33 silly packumentCache corgi:https://registry.npmjs.org/@types%2fbody-parser set size:undefined disposed:false
34 http fetch GET 200 https://registry.npmjs.org/@types%2fejs 534ms (cache updated)
35 silly packumentCache corgi:https://registry.npmjs.org/@types%2fejs set size:undefined disposed:false
36 http fetch GET 200 https://registry.npmjs.org/@types%2fexpress-session 534ms (cache updated)
37 silly packumentCache corgi:https://registry.npmjs.org/@types%2fexpress-session set size:undefined disposed:false
38 http fetch GET 200 https://registry.npmjs.org/@types%2fhttp-errors 539ms (cache updated)
39 silly packumentCache corgi:https://registry.npmjs.org/@types%2fhttp-errors set size:undefined disposed:false
40 http fetch GET 200 https://registry.npmjs.org/@types%2fserve-favicon 541ms (cache updated)
41 silly packumentCache corgi:https://registry.npmjs.org/@types%2fserve-favicon set size:undefined disposed:false
42 http fetch GET 200 https://registry.npmjs.org/@types%2fmorgan 542ms (cache updated)
43 silly packumentCache corgi:https://registry.npmjs.org/@types%2fmorgan set size:undefined disposed:false
44 http fetch GET 200 https://registry.npmjs.org/@types%2fexpress-fileupload 547ms (cache updated)
45 silly packumentCache corgi:https://registry.npmjs.org/@types%2fexpress-fileupload set size:undefined disposed:false
46 http fetch GET 200 https://registry.npmjs.org/@types%2fexpress 550ms (cache updated)
47 silly packumentCache corgi:https://registry.npmjs.org/@types%2fexpress set size:undefined disposed:false
48 http fetch GET 200 https://registry.npmjs.org/@types%2fexpress-flash 1138ms (cache updated)
49 silly packumentCache corgi:https://registry.npmjs.org/@types%2fexpress-flash set size:undefined disposed:false
50 silly idealTree buildDeps
51 silly fetch manifest @types/bcrypt@5.0.2
52 silly packumentCache full:https://registry.npmjs.org/@types%2fbcrypt cache-miss
53 http fetch GET 200 https://registry.npmjs.org/@types%2fbcrypt 102ms (cache updated)
54 silly packumentCache full:https://registry.npmjs.org/@types%2fbcrypt set size:undefined disposed:false
55 silly fetch manifest @types/bcryptjs@2.4.6
56 silly packumentCache full:https://registry.npmjs.org/@types%2fbcryptjs cache-miss
57 http fetch GET 200 https://registry.npmjs.org/@types%2fbcryptjs 63ms (cache updated)
58 silly packumentCache full:https://registry.npmjs.org/@types%2fbcryptjs set size:undefined disposed:false
59 silly fetch manifest @types/body-parser@1.19.5
60 silly packumentCache full:https://registry.npmjs.org/@types%2fbody-parser cache-miss
61 http fetch GET 200 https://registry.npmjs.org/@types%2fbody-parser 76ms (cache updated)
62 silly packumentCache full:https://registry.npmjs.org/@types%2fbody-parser set size:undefined disposed:false
63 silly fetch manifest @types/cookie-parser@1.4.8
64 silly packumentCache full:https://registry.npmjs.org/@types%2fcookie-parser cache-miss
65 http fetch GET 200 https://registry.npmjs.org/@types%2fcookie-parser 58ms (cache updated)
66 silly packumentCache full:https://registry.npmjs.org/@types%2fcookie-parser set size:undefined disposed:false
67 silly fetch manifest @types/express@5.0.0
68 silly packumentCache full:https://registry.npmjs.org/@types%2fexpress cache-miss
69 http fetch GET 200 https://registry.npmjs.org/@types%2fexpress 66ms (cache updated)
70 silly packumentCache full:https://registry.npmjs.org/@types%2fexpress set size:undefined disposed:false
71 silly fetch manifest @types/ejs@3.1.5
72 silly packumentCache full:https://registry.npmjs.org/@types%2fejs cache-miss
73 http fetch GET 200 https://registry.npmjs.org/@types%2fejs 62ms (cache updated)
74 silly packumentCache full:https://registry.npmjs.org/@types%2fejs set size:undefined disposed:false
75 silly fetch manifest @types/express-fileupload@1.5.1
76 silly packumentCache full:https://registry.npmjs.org/@types%2fexpress-fileupload cache-miss
77 http fetch GET 200 https://registry.npmjs.org/@types%2fexpress-fileupload 677ms (cache updated)
78 silly packumentCache full:https://registry.npmjs.org/@types%2fexpress-fileupload set size:undefined disposed:false
79 silly fetch manifest @types/express-flash@0.0.5
80 silly packumentCache full:https://registry.npmjs.org/@types%2fexpress-flash cache-miss
81 http fetch GET 200 https://registry.npmjs.org/@types%2fexpress-flash 121ms (cache updated)
82 silly packumentCache full:https://registry.npmjs.org/@types%2fexpress-flash set size:undefined disposed:false
83 silly fetch manifest @types/express-session@1.18.1
84 silly packumentCache full:https://registry.npmjs.org/@types%2fexpress-session cache-miss
85 http fetch GET 200 https://registry.npmjs.org/@types%2fexpress-session 77ms (cache updated)
86 silly packumentCache full:https://registry.npmjs.org/@types%2fexpress-session set size:undefined disposed:false
87 silly fetch manifest @types/http-errors@2.0.4
88 silly packumentCache full:https://registry.npmjs.org/@types%2fhttp-errors cache-miss
89 http fetch GET 200 https://registry.npmjs.org/@types%2fhttp-errors 75ms (cache updated)
90 silly packumentCache full:https://registry.npmjs.org/@types%2fhttp-errors set size:undefined disposed:false
91 silly fetch manifest @types/morgan@1.9.9
92 silly packumentCache full:https://registry.npmjs.org/@types%2fmorgan cache-miss
93 http fetch GET 200 https://registry.npmjs.org/@types%2fmorgan 61ms (cache updated)
94 silly packumentCache full:https://registry.npmjs.org/@types%2fmorgan set size:undefined disposed:false
95 silly fetch manifest @types/serve-favicon@2.5.7
96 silly packumentCache full:https://registry.npmjs.org/@types%2fserve-favicon cache-miss
97 http fetch GET 200 https://registry.npmjs.org/@types%2fserve-favicon 93ms (cache updated)
98 silly packumentCache full:https://registry.npmjs.org/@types%2fserve-favicon set size:undefined disposed:false
99 silly placeDep ROOT @types/bcrypt@5.0.2 REPLACE for:  want: 5.0.2
100 silly placeDep ROOT @types/bcryptjs@2.4.6 REPLACE for:  want: 2.4.6
101 silly placeDep ROOT @types/body-parser@1.19.5 REPLACE for:  want: 1.19.5
102 silly placeDep ROOT @types/cookie-parser@1.4.8 REPLACE for:  want: 1.4.8
103 silly placeDep ROOT @types/ejs@3.1.5 REPLACE for:  want: 3.1.5
104 silly placeDep ROOT @types/express@5.0.0 REPLACE for:  want: 5.0.0
105 silly placeDep ROOT @types/express-fileupload@1.5.1 REPLACE for:  want: 1.5.1
106 silly placeDep ROOT @types/express-flash@0.0.5 REPLACE for:  want: 0.0.5
107 silly placeDep ROOT @types/express-session@1.18.1 REPLACE for:  want: 1.18.1
108 silly placeDep ROOT @types/http-errors@2.0.4 REPLACE for:  want: 2.0.4
109 silly placeDep ROOT @types/morgan@1.9.9 REPLACE for:  want: 1.9.9
110 silly placeDep ROOT @types/serve-favicon@2.5.7 REPLACE for:  want: 2.5.7
111 silly reify moves {}
112 silly audit bulk request {
112 silly audit   '@types/busboy': [ '1.5.4' ],
112 silly audit   '@types/connect': [ '3.4.38' ],
112 silly audit   '@types/express-serve-static-core': [ '5.0.3' ],
112 silly audit   '@types/mime': [ '1.3.5' ],
112 silly audit   '@types/node': [ '22.10.4' ],
112 silly audit   '@types/qs': [ '6.9.17' ],
112 silly audit   '@types/range-parser': [ '1.2.7' ],
112 silly audit   '@types/send': [ '0.17.4' ],
112 silly audit   '@types/serve-static': [ '1.15.7' ],
112 silly audit   'types-registry': [ '0.1.702' ],
112 silly audit   'undici-types': [ '6.20.0' ],
112 silly audit   '@types/bcrypt': [ '5.0.2' ],
112 silly audit   '@types/bcryptjs': [ '2.4.6' ],
112 silly audit   '@types/body-parser': [ '1.19.5' ],
112 silly audit   '@types/cookie-parser': [ '1.4.8' ],
112 silly audit   '@types/ejs': [ '3.1.5' ],
112 silly audit   '@types/express': [ '5.0.0' ],
112 silly audit   '@types/express-fileupload': [ '1.5.1' ],
112 silly audit   '@types/express-flash': [ '0.0.5' ],
112 silly audit   '@types/express-session': [ '1.18.1' ],
112 silly audit   '@types/http-errors': [ '2.0.4' ],
112 silly audit   '@types/morgan': [ '1.9.9' ],
112 silly audit   '@types/serve-favicon': [ '2.5.7' ]
112 silly audit }
113 http fetch POST 200 https://registry.npmjs.org/-/npm/v1/security/advisories/bulk 140ms
114 silly audit report {}
115 verbose cwd /home/babakmilani1980/.cache/typescript/5.6
116 verbose os Linux 6.1.112+
117 verbose node v22.12.0
118 verbose npm  v11.0.0
119 verbose exit 0
120 info ok
