2025-01-04 22:27:00.333 [info] Extension host with pid 1216 started
2025-01-04 22:27:00.333 [error] Error: EEXIST: file already exists, open '/home/babakmilani1980/.codeoss/data/User/workspaceStorage/35a0365e/vscode.lock'
2025-01-04 22:27:00.372 [info] Lock '/home/babakmilani1980/.codeoss/data/User/workspaceStorage/35a0365e/vscode.lock': Could not acquire lock, checking if the file is stale.
2025-01-04 22:27:00.373 [info] Lock '/home/babakmilani1980/.codeoss/data/User/workspaceStorage/35a0365e/vscode.lock': The pid 1235 appears to be gone.
2025-01-04 22:27:00.374 [info] Lock '/home/babakmilani1980/.codeoss/data/User/workspaceStorage/35a0365e/vscode.lock': Deleting a stale lock.
2025-01-04 22:27:00.389 [info] Lock '/home/babakmilani1980/.codeoss/data/User/workspaceStorage/35a0365e/vscode.lock': Lock acquired.
2025-01-04 22:27:02.240 [info] ExtensionService#_doActivateExtension vscode.emmet, startup: false, activationEvent: 'onLanguage'
2025-01-04 22:27:02.241 [info] ExtensionService#_doActivateExtension vscode.html-language-features, startup: false, activationEvent: 'onLanguage:html'
2025-01-04 22:27:03.244 [info] ExtensionService#_doActivateExtension vscode.git-base, startup: true, activationEvent: '*', root cause: vscode.git
2025-01-04 22:27:03.253 [info] ExtensionService#_doActivateExtension vscode.npm, startup: true, activationEvent: 'workspaceContains:package.json'
2025-01-04 22:27:04.546 [info] ExtensionService#_doActivateExtension vscode.git, startup: true, activationEvent: '*'
2025-01-04 22:27:04.547 [info] ExtensionService#_doActivateExtension vscode.github, startup: true, activationEvent: '*'
2025-01-04 22:27:10.247 [info] Not activating extension 'redhat.fabric8-analytics': Timed out while searching for 'workspaceContains' pattern **/package.json,**/pom.xml,**/go.mod,**/requirements.txt,**/build.gradle,**/Dockerfile,**/Containerfile
2025-01-04 22:27:10.247 [info] Not activating extension 'redhat.java': Timed out while searching for 'workspaceContains' pattern */pom.xml,*/build.gradle,*/settings.gradle,*/build.gradle.kts,*/settings.gradle.kts,*/.classpath
2025-01-04 22:27:10.247 [info] Not activating extension 'vscjava.vscode-java-dependency': Timed out while searching for 'workspaceContains' pattern */pom.xml,*/build.gradle,*/settings.gradle,*/build.gradle.kts,*/settings.gradle.kts,*/.classpath
2025-01-04 22:27:10.247 [info] Not activating extension 'vscjava.vscode-java-test': Timed out while searching for 'workspaceContains' pattern */pom.xml,*/build.gradle,*/settings.gradle,*/build.gradle.kts,*/settings.gradle.kts,*/.classpath
2025-01-04 22:27:10.249 [info] Not activating extension 'vscjava.vscode-maven': Timed out while searching for 'workspaceContains' pattern **/pom.xml
2025-01-04 22:27:10.495 [info] Eager extensions activated
2025-01-04 22:27:10.495 [info] ExtensionService#_doActivateExtension EditorConfig.EditorConfig, startup: false, activationEvent: 'onStartupFinished'
2025-01-04 22:27:10.496 [info] ExtensionService#_doActivateExtension google.cloud-shell, startup: false, activationEvent: 'onStartupFinished'
2025-01-04 22:27:10.496 [info] ExtensionService#_doActivateExtension googlecloudtools.cloudcode, startup: false, activationEvent: 'onStartupFinished'
2025-01-04 22:27:10.497 [info] ExtensionService#_doActivateExtension vscode.debug-auto-launch, startup: false, activationEvent: 'onStartupFinished'
2025-01-04 22:27:10.497 [info] ExtensionService#_doActivateExtension vscode.merge-conflict, startup: false, activationEvent: 'onStartupFinished'
2025-01-04 22:27:13.267 [info] ExtensionService#_doActivateExtension vscode.configuration-editing, startup: false, activationEvent: 'onLanguage:jsonc'
2025-01-04 22:27:13.268 [info] ExtensionService#_doActivateExtension vscode.json-language-features, startup: false, activationEvent: 'onLanguage:jsonc'
2025-01-04 22:27:13.268 [info] ExtensionService#_doActivateExtension vscode.typescript-language-features, startup: false, activationEvent: 'onLanguage:jsonc'
2025-01-04 22:27:13.858 [info] ExtensionService#_doActivateExtension vscode.extension-editing, startup: false, activationEvent: 'onLanguage:json'
2025-01-04 22:47:01.050 [info] ExtensionService#_doActivateExtension vscode.simple-browser, startup: false, activationEvent: 'onOpenExternalUri:https'
