2025-01-05 01:27:48.047 [info] [main] Log level: Info
2025-01-05 01:27:48.048 [info] [main] Validating found git in: "git"
2025-01-05 01:27:48.048 [info] [main] Using git "2.43.0" from "git"
2025-01-05 01:27:48.048 [info] [Model][doInitialScan] Initial repository scan started
2025-01-05 01:27:48.048 [info] > git rev-parse --show-toplevel [433ms]
2025-01-05 01:27:48.048 [info] fatal: not a git repository (or any parent up to mount point /)
Stopping at filesystem boundary (GIT_DISCOVERY_ACROSS_FILESYSTEM not set).
2025-01-05 01:27:48.048 [info] > git rev-parse --show-toplevel [13ms]
2025-01-05 01:27:48.049 [info] fatal: not a git repository (or any parent up to mount point /)
Stopping at filesystem boundary (GIT_DISCOVERY_ACROSS_FILESYSTEM not set).
2025-01-05 01:27:48.147 [info] > git rev-parse --show-toplevel [7ms]
2025-01-05 01:27:48.147 [info] fatal: not a git repository (or any parent up to mount point /)
Stopping at filesystem boundary (GIT_DISCOVERY_ACROSS_FILESYSTEM not set).
2025-01-05 01:27:48.164 [info] > git rev-parse --show-toplevel [7ms]
2025-01-05 01:27:48.164 [info] fatal: not a git repository (or any parent up to mount point /)
Stopping at filesystem boundary (GIT_DISCOVERY_ACROSS_FILESYSTEM not set).
2025-01-05 01:27:48.175 [info] > git rev-parse --show-toplevel [3ms]
2025-01-05 01:27:48.175 [info] fatal: not a git repository (or any parent up to mount point /)
Stopping at filesystem boundary (GIT_DISCOVERY_ACROSS_FILESYSTEM not set).
2025-01-05 01:27:48.182 [info] > git rev-parse --show-toplevel [3ms]
2025-01-05 01:27:48.182 [info] fatal: not a git repository (or any parent up to mount point /)
Stopping at filesystem boundary (GIT_DISCOVERY_ACROSS_FILESYSTEM not set).
2025-01-05 01:27:48.189 [info] > git rev-parse --show-toplevel [3ms]
2025-01-05 01:27:48.189 [info] fatal: not a git repository (or any parent up to mount point /)
Stopping at filesystem boundary (GIT_DISCOVERY_ACROSS_FILESYSTEM not set).
2025-01-05 01:27:48.199 [info] > git rev-parse --show-toplevel [3ms]
2025-01-05 01:27:48.199 [info] fatal: not a git repository (or any parent up to mount point /)
Stopping at filesystem boundary (GIT_DISCOVERY_ACROSS_FILESYSTEM not set).
2025-01-05 01:27:48.206 [info] > git rev-parse --show-toplevel [3ms]
2025-01-05 01:27:48.207 [info] fatal: not a git repository (or any parent up to mount point /)
Stopping at filesystem boundary (GIT_DISCOVERY_ACROSS_FILESYSTEM not set).
2025-01-05 01:27:48.222 [info] > git rev-parse --show-toplevel [5ms]
2025-01-05 01:27:48.222 [info] fatal: not a git repository (or any parent up to mount point /)
Stopping at filesystem boundary (GIT_DISCOVERY_ACROSS_FILESYSTEM not set).
2025-01-05 01:27:48.231 [info] > git rev-parse --show-toplevel [5ms]
2025-01-05 01:27:48.231 [info] fatal: not a git repository (or any parent up to mount point /)
Stopping at filesystem boundary (GIT_DISCOVERY_ACROSS_FILESYSTEM not set).
2025-01-05 01:27:48.239 [info] > git rev-parse --show-toplevel [4ms]
2025-01-05 01:27:48.239 [info] fatal: not a git repository (or any parent up to mount point /)
Stopping at filesystem boundary (GIT_DISCOVERY_ACROSS_FILESYSTEM not set).
2025-01-05 01:27:48.240 [info] [Model][doInitialScan] Initial repository scan completed - repositories (0), closed repositories (0), parent repositories (0), unsafe repositories (0)
2025-01-05 01:28:10.853 [info] > git rev-parse --show-toplevel [2ms]
2025-01-05 01:28:10.853 [info] fatal: not a git repository (or any parent up to mount point /)
Stopping at filesystem boundary (GIT_DISCOVERY_ACROSS_FILESYSTEM not set).
2025-01-05 01:28:16.549 [info] > git rev-parse --show-toplevel [10ms]
2025-01-05 01:28:16.550 [info] fatal: not a git repository (or any parent up to mount point /)
Stopping at filesystem boundary (GIT_DISCOVERY_ACROSS_FILESYSTEM not set).
2025-01-05 01:29:32.617 [info] > git rev-parse --show-toplevel [6ms]
2025-01-05 01:29:32.617 [info] fatal: not a git repository (or any parent up to mount point /)
Stopping at filesystem boundary (GIT_DISCOVERY_ACROSS_FILESYSTEM not set).
