Initializing document watcher...
Document watcher initialized
babakmilani1980/backend/server.js: {}
babakmilani1980/backend/server.js: {}
babakmilani1980/backend/server.js: {}
babakmilani1980/backend/server.js: {}
babakmilani1980/backend/server.js: {}
babakmilani1980/backend/server.js: {}
babakmilani1980/backend/server.js: {}
babakmilani1980/backend/server.js: {}
babakmilani1980/backend/server.js: {}
babakmilani1980/backend/server.js: {}
babakmilani1980/backend/server.js: {}
babakmilani1980/backend/server.js: {}
babakmilani1980/backend/server.js: {}
babakmilani1980/backend/server.js: {}
babakmilani1980/backend/server.js: {}
babakmilani1980/backend/server.js: {}
babakmilani1980/backend/server.js: {}
babakmilani1980/frontend/views/about.ejs: {}
babakmilani1980/frontend/views/about.ejs: {}
babakmilani1980/frontend/views/about.ejs: Using EditorConfig core...
babakmilani1980/frontend/views/about.ejs: {}
babakmilani1980/frontend/views/about.ejs: Using EditorConfig core...
babakmilani1980/frontend/views/about.ejs: {}
babakmilani1980/frontend/views/about.ejs: {}
babakmilani1980/frontend/views/about.ejs: Using EditorConfig core...
babakmilani1980/frontend/views/about.ejs: Using EditorConfig core...
babakmilani1980/frontend/views/about.ejs: {}
babakmilani1980/frontend/views/about.ejs: {}
babakmilani1980/frontend/views/about.ejs: {}
babakmilani1980/frontend/views/about.ejs: {}
babakmilani1980/frontend/views/about.ejs: {}
babakmilani1980/frontend/views/register.ejs: {}
babakmilani1980/frontend/views/register.ejs: Using EditorConfig core...
babakmilani1980/frontend/views/register.ejs: {}
babakmilani1980/frontend/views/register.ejs: {}
babakmilani1980/frontend/views/register.ejs: {}
babakmilani1980/frontend/views/register.ejs: {}
babakmilani1980/frontend/views/register.ejs: {}
babakmilani1980/frontend/views/register.ejs: {}
babakmilani1980/frontend/views/register.ejs: {}
babakmilani1980/frontend/views/register.ejs: Using EditorConfig core...
babakmilani1980/frontend/views/register.ejs: Using EditorConfig core...
babakmilani1980/frontend/views/register.ejs: Using EditorConfig core...
babakmilani1980/frontend/public/css/style-register.css: {}
babakmilani1980/frontend/public/css/style-register.css: Using EditorConfig core...
babakmilani1980/frontend/public/css/style-register.css: Using EditorConfig core...
babakmilani1980/frontend/public/css/style-register.css: Using EditorConfig core...
babakmilani1980/frontend/views/register.ejs: {}
babakmilani1980/frontend/views/about.ejs: {}
babakmilani1980/frontend/views/about.ejs: {}
babakmilani1980/frontend/views/about.ejs: {}
babakmilani1980/frontend/views/about.ejs: {}
