2025-01-08 14:42:39.701 [info] [main] Log level: Info
2025-01-08 14:42:39.701 [info] [main] Validating found git in: "git"
2025-01-08 14:42:39.701 [info] [main] Using git "2.43.0" from "git"
2025-01-08 14:42:39.701 [info] [Model][doInitialScan] Initial repository scan started
2025-01-08 14:42:39.701 [info] > git rev-parse --show-toplevel [5ms]
2025-01-08 14:42:39.701 [info] fatal: not a git repository (or any parent up to mount point /)
Stopping at filesystem boundary (GIT_DISCOVERY_ACROSS_FILESYSTEM not set).
2025-01-08 14:42:39.701 [info] > git rev-parse --show-toplevel [3ms]
2025-01-08 14:42:39.701 [info] fatal: not a git repository (or any parent up to mount point /)
Stopping at filesystem boundary (GIT_DISCOVERY_ACROSS_FILESYSTEM not set).
2025-01-08 14:42:39.709 [info] > git rev-parse --show-toplevel [2ms]
2025-01-08 14:42:39.709 [info] fatal: not a git repository (or any parent up to mount point /)
Stopping at filesystem boundary (GIT_DISCOVERY_ACROSS_FILESYSTEM not set).
2025-01-08 14:42:39.720 [info] > git rev-parse --show-toplevel [4ms]
2025-01-08 14:42:39.720 [info] fatal: not a git repository (or any parent up to mount point /)
Stopping at filesystem boundary (GIT_DISCOVERY_ACROSS_FILESYSTEM not set).
2025-01-08 14:42:39.745 [info] > git rev-parse --show-toplevel [13ms]
2025-01-08 14:42:39.745 [info] fatal: not a git repository (or any parent up to mount point /)
Stopping at filesystem boundary (GIT_DISCOVERY_ACROSS_FILESYSTEM not set).
2025-01-08 14:42:39.764 [info] > git rev-parse --show-toplevel [1ms]
2025-01-08 14:42:39.764 [info] fatal: not a git repository (or any parent up to mount point /)
Stopping at filesystem boundary (GIT_DISCOVERY_ACROSS_FILESYSTEM not set).
2025-01-08 14:42:39.779 [info] > git rev-parse --show-toplevel [2ms]
2025-01-08 14:42:39.779 [info] fatal: not a git repository (or any parent up to mount point /)
Stopping at filesystem boundary (GIT_DISCOVERY_ACROSS_FILESYSTEM not set).
2025-01-08 14:42:39.794 [info] > git rev-parse --show-toplevel [3ms]
2025-01-08 14:42:39.794 [info] fatal: not a git repository (or any parent up to mount point /)
Stopping at filesystem boundary (GIT_DISCOVERY_ACROSS_FILESYSTEM not set).
2025-01-08 14:42:39.801 [info] > git rev-parse --show-toplevel [4ms]
2025-01-08 14:42:39.801 [info] fatal: not a git repository (or any parent up to mount point /)
Stopping at filesystem boundary (GIT_DISCOVERY_ACROSS_FILESYSTEM not set).
2025-01-08 14:42:39.808 [info] > git rev-parse --show-toplevel [3ms]
2025-01-08 14:42:39.808 [info] fatal: not a git repository (or any parent up to mount point /)
Stopping at filesystem boundary (GIT_DISCOVERY_ACROSS_FILESYSTEM not set).
2025-01-08 14:42:39.825 [info] > git rev-parse --show-toplevel [3ms]
2025-01-08 14:42:39.825 [info] fatal: not a git repository (or any parent up to mount point /)
Stopping at filesystem boundary (GIT_DISCOVERY_ACROSS_FILESYSTEM not set).
2025-01-08 14:42:39.831 [info] > git rev-parse --show-toplevel [1ms]
2025-01-08 14:42:39.831 [info] fatal: not a git repository (or any parent up to mount point /)
Stopping at filesystem boundary (GIT_DISCOVERY_ACROSS_FILESYSTEM not set).
2025-01-08 14:42:39.831 [info] [Model][doInitialScan] Initial repository scan completed - repositories (0), closed repositories (0), parent repositories (0), unsafe repositories (0)
2025-01-08 14:42:43.584 [info] > git rev-parse --show-toplevel [49ms]
2025-01-08 14:42:43.585 [info] fatal: not a git repository (or any parent up to mount point /)
Stopping at filesystem boundary (GIT_DISCOVERY_ACROSS_FILESYSTEM not set).
2025-01-08 14:59:09.886 [info] > git rev-parse --show-toplevel [5ms]
2025-01-08 14:59:09.886 [info] fatal: not a git repository (or any parent up to mount point /)
Stopping at filesystem boundary (GIT_DISCOVERY_ACROSS_FILESYSTEM not set).
2025-01-08 14:59:57.540 [info] > git rev-parse --show-toplevel [5ms]
2025-01-08 14:59:57.540 [info] fatal: not a git repository (or any parent up to mount point /)
Stopping at filesystem boundary (GIT_DISCOVERY_ACROSS_FILESYSTEM not set).
2025-01-08 15:00:47.238 [info] > git rev-parse --show-toplevel [7ms]
2025-01-08 15:00:47.239 [info] fatal: not a git repository (or any parent up to mount point /)
Stopping at filesystem boundary (GIT_DISCOVERY_ACROSS_FILESYSTEM not set).
2025-01-08 15:01:09.084 [info] > git rev-parse --show-toplevel [5ms]
2025-01-08 15:01:09.085 [info] fatal: not a git repository (or any parent up to mount point /)
Stopping at filesystem boundary (GIT_DISCOVERY_ACROSS_FILESYSTEM not set).
2025-01-08 15:01:12.005 [info] > git rev-parse --show-toplevel [5ms]
2025-01-08 15:01:12.005 [info] fatal: not a git repository (or any parent up to mount point /)
Stopping at filesystem boundary (GIT_DISCOVERY_ACROSS_FILESYSTEM not set).
2025-01-08 15:01:47.741 [info] > git rev-parse --show-toplevel [3ms]
2025-01-08 15:01:47.741 [info] fatal: not a git repository (or any parent up to mount point /)
Stopping at filesystem boundary (GIT_DISCOVERY_ACROSS_FILESYSTEM not set).
