2025-01-04 02:52:30.982 [info] [main] Log level: Info
2025-01-04 02:52:30.983 [info] [main] Validating found git in: "git"
2025-01-04 02:52:30.983 [info] [main] Using git "2.43.0" from "git"
2025-01-04 02:52:30.983 [info] [Model][doInitialScan] Initial repository scan started
2025-01-04 02:52:30.983 [info] > git rev-parse --show-toplevel [7ms]
2025-01-04 02:52:30.983 [info] fatal: not a git repository (or any parent up to mount point /)
Stopping at filesystem boundary (GIT_DISCOVERY_ACROSS_FILESYSTEM not set).
2025-01-04 02:52:30.983 [info] > git rev-parse --show-toplevel [1ms]
2025-01-04 02:52:30.984 [info] fatal: not a git repository (or any parent up to mount point /)
Stopping at filesystem boundary (GIT_DISCOVERY_ACROSS_FILESYSTEM not set).
2025-01-04 02:52:30.984 [info] > git rev-parse --show-toplevel [5ms]
2025-01-04 02:52:30.984 [info] fatal: not a git repository (or any parent up to mount point /)
Stopping at filesystem boundary (GIT_DISCOVERY_ACROSS_FILESYSTEM not set).
2025-01-04 02:52:30.984 [info] > git rev-parse --show-toplevel [8ms]
2025-01-04 02:52:30.984 [info] fatal: not a git repository (or any parent up to mount point /)
Stopping at filesystem boundary (GIT_DISCOVERY_ACROSS_FILESYSTEM not set).
2025-01-04 02:52:30.984 [info] > git rev-parse --show-toplevel [2ms]
2025-01-04 02:52:30.984 [info] fatal: not a git repository (or any parent up to mount point /)
Stopping at filesystem boundary (GIT_DISCOVERY_ACROSS_FILESYSTEM not set).
2025-01-04 02:52:30.984 [info] > git rev-parse --show-toplevel [8ms]
2025-01-04 02:52:30.984 [info] fatal: not a git repository (or any parent up to mount point /)
Stopping at filesystem boundary (GIT_DISCOVERY_ACROSS_FILESYSTEM not set).
2025-01-04 02:52:30.984 [info] > git rev-parse --show-toplevel [3ms]
2025-01-04 02:52:30.984 [info] fatal: not a git repository (or any parent up to mount point /)
Stopping at filesystem boundary (GIT_DISCOVERY_ACROSS_FILESYSTEM not set).
2025-01-04 02:52:30.984 [info] > git rev-parse --show-toplevel [4ms]
2025-01-04 02:52:30.984 [info] fatal: not a git repository (or any parent up to mount point /)
Stopping at filesystem boundary (GIT_DISCOVERY_ACROSS_FILESYSTEM not set).
2025-01-04 02:52:30.984 [info] > git rev-parse --show-toplevel [4ms]
2025-01-04 02:52:30.984 [info] fatal: not a git repository (or any parent up to mount point /)
Stopping at filesystem boundary (GIT_DISCOVERY_ACROSS_FILESYSTEM not set).
2025-01-04 02:52:30.984 [info] > git rev-parse --show-toplevel [2ms]
2025-01-04 02:52:30.984 [info] fatal: not a git repository (or any parent up to mount point /)
Stopping at filesystem boundary (GIT_DISCOVERY_ACROSS_FILESYSTEM not set).
2025-01-04 02:52:30.984 [info] > git rev-parse --show-toplevel [3ms]
2025-01-04 02:52:30.984 [info] fatal: not a git repository (or any parent up to mount point /)
Stopping at filesystem boundary (GIT_DISCOVERY_ACROSS_FILESYSTEM not set).
2025-01-04 02:52:30.984 [info] > git rev-parse --show-toplevel [3ms]
2025-01-04 02:52:30.984 [info] fatal: not a git repository (or any parent up to mount point /)
Stopping at filesystem boundary (GIT_DISCOVERY_ACROSS_FILESYSTEM not set).
2025-01-04 02:52:30.984 [info] [Model][doInitialScan] Initial repository scan completed - repositories (0), closed repositories (0), parent repositories (0), unsafe repositories (0)
2025-01-04 03:22:50.613 [info] > git rev-parse --show-toplevel [2ms]
2025-01-04 03:22:50.613 [info] fatal: not a git repository (or any parent up to mount point /)
Stopping at filesystem boundary (GIT_DISCOVERY_ACROSS_FILESYSTEM not set).
2025-01-04 03:30:21.719 [info] > git rev-parse --show-toplevel [3ms]
2025-01-04 03:30:21.719 [info] fatal: not a git repository (or any parent up to mount point /)
Stopping at filesystem boundary (GIT_DISCOVERY_ACROSS_FILESYSTEM not set).
2025-01-04 03:36:48.099 [info] > git rev-parse --show-toplevel [3ms]
2025-01-04 03:36:48.099 [info] fatal: not a git repository (or any parent up to mount point /)
Stopping at filesystem boundary (GIT_DISCOVERY_ACROSS_FILESYSTEM not set).
2025-01-04 03:37:10.438 [info] > git rev-parse --show-toplevel [3ms]
2025-01-04 03:37:10.438 [info] fatal: not a git repository (or any parent up to mount point /)
Stopping at filesystem boundary (GIT_DISCOVERY_ACROSS_FILESYSTEM not set).
2025-01-04 03:37:11.310 [info] > git rev-parse --show-toplevel [2ms]
2025-01-04 03:37:11.310 [info] fatal: not a git repository (or any parent up to mount point /)
Stopping at filesystem boundary (GIT_DISCOVERY_ACROSS_FILESYSTEM not set).
