Initializing document watcher...
Document watcher initialized
babakmilani1980/frontend/views/profile.ejs: {}
babakmilani1980/frontend/views/profile.ejs: {}
No more open editors.
No more open editors.
No more open editors.
babakmilani1980/backend/server.js: {}
babakmilani1980/backend/server.js: {}
babakmilani1980/backend/server.js: {}
babakmilani1980/backend/server.js: {}
babakmilani1980/backend/server.js: {}
babakmilani1980/backend/server.js: {}
babakmilani1980/backend/server.js: {}
babakmilani1980/backend/server.js: {}
babakmilani1980/backend/server.js: {}
babakmilani1980/backend/server.js: {}
babakmilani1980/backend/routes/signin.js: {}
babakmilani1980/backend/routes/signin.js: Using EditorConfig core...
babakmilani1980/backend/routes/signin.js: {}
