0 verbose cli /usr/local/nvm/versions/node/v22.12.0/bin/node /usr/local/nvm/versions/node/v22.12.0/bin/npm
1 info using npm@11.0.0
2 info using node@v22.12.0
3 silly config load:file:/usr/local/nvm/versions/node/v22.12.0/lib/node_modules/npm/npmrc
4 silly config load:file:/home/babakmilani1980/.cache/typescript/5.6/.npmrc
5 silly config load:file:/home/babakmilani1980/.npmrc
6 silly config load:file:/usr/local/nvm/versions/node/v22.12.0/etc/npmrc
7 verbose title npm install types-registry@latest
8 verbose argv "install" "--ignore-scripts" "types-registry@latest"
9 verbose logfile logs-max:10 dir:/home/babakmilani1980/.npm/_logs/2025-01-11T00_57_40_490Z-
10 verbose logfile /home/babakmilani1980/.npm/_logs/2025-01-11T00_57_40_490Z-debug-0.log
11 silly logfile start cleaning logs, removing 1 files
12 silly logfile done cleaning log files
13 silly packumentCache heap:4345298944 maxSize:1086324736 maxEntrySize:543162368
14 silly packumentCache corgi:https://registry.npmjs.org/types-registry cache-miss
15 http fetch GET 200 https://registry.npmjs.org/types-registry 281ms (cache updated)
16 silly packumentCache corgi:https://registry.npmjs.org/types-registry set size:undefined disposed:false
17 silly idealTree buildDeps
18 silly fetch manifest types-registry@0.1.702
19 silly packumentCache full:https://registry.npmjs.org/types-registry cache-miss
20 http fetch GET 200 https://registry.npmjs.org/types-registry 108ms (cache updated)
21 silly packumentCache full:https://registry.npmjs.org/types-registry set size:undefined disposed:false
22 silly placeDep ROOT types-registry@0.1.702 REPLACE for:  want: 0.1.702
23 silly reify moves {}
24 silly audit bulk request {
24 silly audit   '@types/bcrypt': [ '5.0.2' ],
24 silly audit   '@types/bcryptjs': [ '2.4.6' ],
24 silly audit   '@types/body-parser': [ '1.19.5' ],
24 silly audit   '@types/busboy': [ '1.5.4' ],
24 silly audit   '@types/connect': [ '3.4.38' ],
24 silly audit   '@types/cookie-parser': [ '1.4.8' ],
24 silly audit   '@types/ejs': [ '3.1.5' ],
24 silly audit   '@types/express': [ '5.0.0' ],
24 silly audit   '@types/express-fileupload': [ '1.5.1' ],
24 silly audit   '@types/express-flash': [ '0.0.5' ],
24 silly audit   '@types/express-serve-static-core': [ '5.0.3' ],
24 silly audit   '@types/express-session': [ '1.18.1' ],
24 silly audit   '@types/http-errors': [ '2.0.4' ],
24 silly audit   '@types/mime': [ '1.3.5' ],
24 silly audit   '@types/morgan': [ '1.9.9' ],
24 silly audit   '@types/node': [ '22.10.4' ],
24 silly audit   '@types/qs': [ '6.9.17' ],
24 silly audit   '@types/range-parser': [ '1.2.7' ],
24 silly audit   '@types/send': [ '0.17.4' ],
24 silly audit   '@types/serve-favicon': [ '2.5.7' ],
24 silly audit   '@types/serve-static': [ '1.15.7' ],
24 silly audit   'undici-types': [ '6.20.0' ],
24 silly audit   'types-registry': [ '0.1.702' ]
24 silly audit }
25 http fetch POST 200 https://registry.npmjs.org/-/npm/v1/security/advisories/bulk 129ms
26 silly audit report {}
27 verbose cwd /home/babakmilani1980/.cache/typescript/5.6
28 verbose os Linux 6.1.112+
29 verbose node v22.12.0
30 verbose npm  v11.0.0
31 verbose exit 0
32 info ok
