2025-01-08 14:42:38.393 [info] Extension host with pid 1215 started
2025-01-08 14:42:38.393 [error] Error: EEXIST: file already exists, open '/home/babakmilani1980/.codeoss/data/User/workspaceStorage/35a0365e/vscode.lock'
2025-01-08 14:42:38.424 [info] Lock '/home/babakmilani1980/.codeoss/data/User/workspaceStorage/35a0365e/vscode.lock': Could not acquire lock, checking if the file is stale.
2025-01-08 14:42:38.426 [info] Lock '/home/babakmilani1980/.codeoss/data/User/workspaceStorage/35a0365e/vscode.lock': The pid 1231 appears to be gone.
2025-01-08 14:42:38.426 [info] Lock '/home/babakmilani1980/.codeoss/data/User/workspaceStorage/35a0365e/vscode.lock': Deleting a stale lock.
2025-01-08 14:42:38.432 [info] Lock '/home/babakmilani1980/.codeoss/data/User/workspaceStorage/35a0365e/vscode.lock': Lock acquired.
2025-01-08 14:42:38.515 [info] ExtensionService#_doActivateExtension vscode.emmet, startup: false, activationEvent: 'onLanguage'
2025-01-08 14:42:38.517 [info] ExtensionService#_doActivateExtension vscode.html-language-features, startup: false, activationEvent: 'onLanguage:html'
2025-01-08 14:42:39.341 [info] ExtensionService#_doActivateExtension vscode.git-base, startup: true, activationEvent: '*', root cause: vscode.git
2025-01-08 14:42:39.351 [info] ExtensionService#_doActivateExtension vscode.npm, startup: true, activationEvent: 'workspaceContains:package.json'
2025-01-08 14:42:39.402 [info] ExtensionService#_doActivateExtension vscode.git, startup: true, activationEvent: '*'
2025-01-08 14:42:39.402 [info] ExtensionService#_doActivateExtension vscode.github, startup: true, activationEvent: '*'
2025-01-08 14:42:40.248 [info] ExtensionService#_doActivateExtension redhat.fabric8-analytics, startup: true, activationEvent: 'workspaceContains:**/package.json,**/pom.xml,**/go.mod,**/requirements.txt,**/build.gradle,**/Dockerfile,**/Containerfile'
2025-01-08 14:42:40.800 [info] Eager extensions activated
2025-01-08 14:42:40.801 [info] ExtensionService#_doActivateExtension EditorConfig.EditorConfig, startup: false, activationEvent: 'onStartupFinished'
2025-01-08 14:42:40.802 [info] ExtensionService#_doActivateExtension google.cloud-shell, startup: false, activationEvent: 'onStartupFinished'
2025-01-08 14:42:40.802 [info] ExtensionService#_doActivateExtension googlecloudtools.cloudcode, startup: false, activationEvent: 'onStartupFinished'
2025-01-08 14:42:40.802 [info] ExtensionService#_doActivateExtension vscode.debug-auto-launch, startup: false, activationEvent: 'onStartupFinished'
2025-01-08 14:42:40.803 [info] ExtensionService#_doActivateExtension vscode.merge-conflict, startup: false, activationEvent: 'onStartupFinished'
2025-01-08 14:42:43.223 [info] ExtensionService#_doActivateExtension vscode.configuration-editing, startup: false, activationEvent: 'onLanguage:jsonc'
2025-01-08 14:42:43.224 [info] ExtensionService#_doActivateExtension vscode.json-language-features, startup: false, activationEvent: 'onLanguage:jsonc'
2025-01-08 14:42:43.224 [info] ExtensionService#_doActivateExtension vscode.typescript-language-features, startup: false, activationEvent: 'onLanguage:jsonc'
2025-01-08 14:42:49.148 [info] ExtensionService#_doActivateExtension vscode.extension-editing, startup: false, activationEvent: 'onLanguage:json'
